Archive member included to satisfy reference by file (symbol)

c:/program files/atmel/studio/7.0/toolchain/avr8/avr8-gnu-toolchain/bin/../lib/gcc/avr/5.4.0/avr25\libgcc.a(_divmodhi4.o)
                              optic.o (__divmodhi4)
c:/program files/atmel/studio/7.0/toolchain/avr8/avr8-gnu-toolchain/bin/../lib/gcc/avr/5.4.0/avr25\libgcc.a(_exit.o)
                              C:/Program Files/Atmel/Studio/7.0/Packs/atmel/ATtiny_DFP/1.3.172/gcc/dev/attiny828/avr25/crtattiny828.o (exit)
c:/program files/atmel/studio/7.0/toolchain/avr8/avr8-gnu-toolchain/bin/../lib/gcc/avr/5.4.0/avr25\libgcc.a(_clear_bss.o)
                              accel.o (__do_clear_bss)
c:/program files/atmel/studio/7.0/toolchain/avr8/avr8-gnu-toolchain/bin/../lib/gcc/avr/5.4.0/avr25\libgcc.a(_udivmodhi4.o)
                              c:/program files/atmel/studio/7.0/toolchain/avr8/avr8-gnu-toolchain/bin/../lib/gcc/avr/5.4.0/avr25\libgcc.a(_divmodhi4.o) (__udivmodhi4)

Allocating common symbols
Common symbol       size              file

case_enable         0x1               accel.o
calib2              0x1               accel.o
vibe_hi_thresh      0x1               accel.o
rcv_error_stop      0x1               accel.o
ssp_out             0x1               accel.o
sent                0x1               accel.o
tx_bit_count        0x1               accel.o
vibe_enable         0x1               accel.o
sending             0x1               accel.o
start_bit           0x1               accel.o
temperature         0x2               accel.o
id                  0x14              tamper.o
light               0x2               accel.o
vibe_lo_thresh      0x1               accel.o
light_enable        0x1               accel.o
rcv_char            0x1               accel.o
temp_enable         0x1               accel.o
tamper_detected     0x1               accel.o
wd_init             0x1               accel.o
rcv_valid           0x1               accel.o
receiving           0x1               accel.o
light_status        0x1               accel.o
rcv_bit_count       0x1               accel.o
rcv                 0x9               accel.o
light_thresh        0x2               accel.o
calib1              0x1               accel.o
tx_char             0x1               accel.o
vibe_status         0x1               accel.o
temp_hi_thresh      0x2               accel.o
temp_status         0x1               accel.o
temp_lo_thresh      0x2               accel.o

Discarded input sections

 .data          0x00000000        0x0 C:/Program Files/Atmel/Studio/7.0/Packs/atmel/ATtiny_DFP/1.3.172/gcc/dev/attiny828/avr25/crtattiny828.o
 .bss           0x00000000        0x0 C:/Program Files/Atmel/Studio/7.0/Packs/atmel/ATtiny_DFP/1.3.172/gcc/dev/attiny828/avr25/crtattiny828.o
 .text          0x00000000        0x0 accel.o
 .data          0x00000000        0x0 accel.o
 .bss           0x00000000        0x0 accel.o
 .text.adx_chip_select
                0x00000000        0xc accel.o
 .text.adx_read_id
                0x00000000       0x18 accel.o
 .text.adx_wr_reg
                0x00000000       0x2a accel.o
 .text.adx_rd_reg
                0x00000000       0x1e accel.o
 .text          0x00000000        0x0 n25.o
 .data          0x00000000        0x0 n25.o
 .bss           0x00000000        0x0 n25.o
 .text.n25_chip_select
                0x00000000        0xc n25.o
 .text.n25_read
                0x00000000       0x50 n25.o
 .debug_info    0x00000000      0x4f2 n25.o
 .debug_abbrev  0x00000000      0x167 n25.o
 .debug_loc     0x00000000      0x145 n25.o
 .debug_aranges
                0x00000000       0x28 n25.o
 .debug_ranges  0x00000000       0x18 n25.o
 .debug_line    0x00000000      0x10f n25.o
 .debug_str     0x00000000      0x388 n25.o
 .comment       0x00000000       0x31 n25.o
 .debug_frame   0x00000000       0x48 n25.o
 .text          0x00000000        0x0 optic.o
 .data          0x00000000        0x0 optic.o
 .bss           0x00000000        0x0 optic.o
 .text.mlx_chip_select
                0x00000000        0xc optic.o
 .text.mlx_start_meas
                0x00000000       0x12 optic.o
 .text.mlx_setup
                0x00000000       0x18 optic.o
 .text.mlx_get_calib
                0x00000000       0x36 optic.o
 .text.mlx_nop  0x00000000       0x12 optic.o
 .text.mlx_reset
                0x00000000       0x12 optic.o
 .text.mlx_request_sleep
                0x00000000       0x12 optic.o
 .text.mlx_confirm_sleep
                0x00000000       0x12 optic.o
 .text.mlx_sleep
                0x00000000       0x4a optic.o
 .text          0x00000000        0x0 ssp.o
 .data          0x00000000        0x0 ssp.o
 .bss           0x00000000        0x0 ssp.o
 .text.ssp_chip_select
                0x00000000        0xc ssp.o
 .text.spi_usart_setup
                0x00000000       0x3e ssp.o
 .text.ssp_boot
                0x00000000        0x6 ssp.o
 .text.log_fault
                0x00000000       0x4e ssp.o
 .text.reset_fault
                0x00000000       0x30 ssp.o
 .text.ssp_setup
                0x00000000       0x12 ssp.o
 .text.ssp_int_config
                0x00000000       0x62 ssp.o
 .text.ssp_read_byte
                0x00000000       0x12 ssp.o
 .text.ssp_clear_tamper
                0x00000000       0x22 ssp.o
 .text          0x00000000        0x0 tamper.o
 .data          0x00000000        0x0 tamper.o
 .bss           0x00000000        0x0 tamper.o
 .text.send     0x00000000       0x28 tamper.o
 COMMON         0x00000000       0x14 tamper.o
 .text          0x00000000        0x0 timer.o
 .data          0x00000000        0x0 timer.o
 .bss           0x00000000        0x0 timer.o
 .text.initTimer1
                0x00000000       0x16 timer.o
 .text.initTimer2
                0x00000000       0x1a timer.o
 .text          0x00000000        0x0 c:/program files/atmel/studio/7.0/toolchain/avr8/avr8-gnu-toolchain/bin/../lib/gcc/avr/5.4.0/avr25\libgcc.a(_divmodhi4.o)
 .data          0x00000000        0x0 c:/program files/atmel/studio/7.0/toolchain/avr8/avr8-gnu-toolchain/bin/../lib/gcc/avr/5.4.0/avr25\libgcc.a(_divmodhi4.o)
 .bss           0x00000000        0x0 c:/program files/atmel/studio/7.0/toolchain/avr8/avr8-gnu-toolchain/bin/../lib/gcc/avr/5.4.0/avr25\libgcc.a(_divmodhi4.o)
 .text.libgcc.mul
                0x00000000        0x0 c:/program files/atmel/studio/7.0/toolchain/avr8/avr8-gnu-toolchain/bin/../lib/gcc/avr/5.4.0/avr25\libgcc.a(_divmodhi4.o)
 .text.libgcc   0x00000000        0x0 c:/program files/atmel/studio/7.0/toolchain/avr8/avr8-gnu-toolchain/bin/../lib/gcc/avr/5.4.0/avr25\libgcc.a(_divmodhi4.o)
 .text.libgcc.prologue
                0x00000000        0x0 c:/program files/atmel/studio/7.0/toolchain/avr8/avr8-gnu-toolchain/bin/../lib/gcc/avr/5.4.0/avr25\libgcc.a(_divmodhi4.o)
 .text.libgcc.builtins
                0x00000000        0x0 c:/program files/atmel/studio/7.0/toolchain/avr8/avr8-gnu-toolchain/bin/../lib/gcc/avr/5.4.0/avr25\libgcc.a(_divmodhi4.o)
 .text.libgcc.fmul
                0x00000000        0x0 c:/program files/atmel/studio/7.0/toolchain/avr8/avr8-gnu-toolchain/bin/../lib/gcc/avr/5.4.0/avr25\libgcc.a(_divmodhi4.o)
 .text.libgcc.fixed
                0x00000000        0x0 c:/program files/atmel/studio/7.0/toolchain/avr8/avr8-gnu-toolchain/bin/../lib/gcc/avr/5.4.0/avr25\libgcc.a(_divmodhi4.o)
 .text          0x00000000        0x0 c:/program files/atmel/studio/7.0/toolchain/avr8/avr8-gnu-toolchain/bin/../lib/gcc/avr/5.4.0/avr25\libgcc.a(_exit.o)
 .data          0x00000000        0x0 c:/program files/atmel/studio/7.0/toolchain/avr8/avr8-gnu-toolchain/bin/../lib/gcc/avr/5.4.0/avr25\libgcc.a(_exit.o)
 .bss           0x00000000        0x0 c:/program files/atmel/studio/7.0/toolchain/avr8/avr8-gnu-toolchain/bin/../lib/gcc/avr/5.4.0/avr25\libgcc.a(_exit.o)
 .text.libgcc.mul
                0x00000000        0x0 c:/program files/atmel/studio/7.0/toolchain/avr8/avr8-gnu-toolchain/bin/../lib/gcc/avr/5.4.0/avr25\libgcc.a(_exit.o)
 .text.libgcc.div
                0x00000000        0x0 c:/program files/atmel/studio/7.0/toolchain/avr8/avr8-gnu-toolchain/bin/../lib/gcc/avr/5.4.0/avr25\libgcc.a(_exit.o)
 .text.libgcc   0x00000000        0x0 c:/program files/atmel/studio/7.0/toolchain/avr8/avr8-gnu-toolchain/bin/../lib/gcc/avr/5.4.0/avr25\libgcc.a(_exit.o)
 .text.libgcc.prologue
                0x00000000        0x0 c:/program files/atmel/studio/7.0/toolchain/avr8/avr8-gnu-toolchain/bin/../lib/gcc/avr/5.4.0/avr25\libgcc.a(_exit.o)
 .text.libgcc.builtins
                0x00000000        0x0 c:/program files/atmel/studio/7.0/toolchain/avr8/avr8-gnu-toolchain/bin/../lib/gcc/avr/5.4.0/avr25\libgcc.a(_exit.o)
 .text.libgcc.fmul
                0x00000000        0x0 c:/program files/atmel/studio/7.0/toolchain/avr8/avr8-gnu-toolchain/bin/../lib/gcc/avr/5.4.0/avr25\libgcc.a(_exit.o)
 .text.libgcc.fixed
                0x00000000        0x0 c:/program files/atmel/studio/7.0/toolchain/avr8/avr8-gnu-toolchain/bin/../lib/gcc/avr/5.4.0/avr25\libgcc.a(_exit.o)
 .text          0x00000000        0x0 c:/program files/atmel/studio/7.0/toolchain/avr8/avr8-gnu-toolchain/bin/../lib/gcc/avr/5.4.0/avr25\libgcc.a(_clear_bss.o)
 .data          0x00000000        0x0 c:/program files/atmel/studio/7.0/toolchain/avr8/avr8-gnu-toolchain/bin/../lib/gcc/avr/5.4.0/avr25\libgcc.a(_clear_bss.o)
 .bss           0x00000000        0x0 c:/program files/atmel/studio/7.0/toolchain/avr8/avr8-gnu-toolchain/bin/../lib/gcc/avr/5.4.0/avr25\libgcc.a(_clear_bss.o)
 .text.libgcc.mul
                0x00000000        0x0 c:/program files/atmel/studio/7.0/toolchain/avr8/avr8-gnu-toolchain/bin/../lib/gcc/avr/5.4.0/avr25\libgcc.a(_clear_bss.o)
 .text.libgcc.div
                0x00000000        0x0 c:/program files/atmel/studio/7.0/toolchain/avr8/avr8-gnu-toolchain/bin/../lib/gcc/avr/5.4.0/avr25\libgcc.a(_clear_bss.o)
 .text.libgcc   0x00000000        0x0 c:/program files/atmel/studio/7.0/toolchain/avr8/avr8-gnu-toolchain/bin/../lib/gcc/avr/5.4.0/avr25\libgcc.a(_clear_bss.o)
 .text.libgcc.prologue
                0x00000000        0x0 c:/program files/atmel/studio/7.0/toolchain/avr8/avr8-gnu-toolchain/bin/../lib/gcc/avr/5.4.0/avr25\libgcc.a(_clear_bss.o)
 .text.libgcc.builtins
                0x00000000        0x0 c:/program files/atmel/studio/7.0/toolchain/avr8/avr8-gnu-toolchain/bin/../lib/gcc/avr/5.4.0/avr25\libgcc.a(_clear_bss.o)
 .text.libgcc.fmul
                0x00000000        0x0 c:/program files/atmel/studio/7.0/toolchain/avr8/avr8-gnu-toolchain/bin/../lib/gcc/avr/5.4.0/avr25\libgcc.a(_clear_bss.o)
 .text.libgcc.fixed
                0x00000000        0x0 c:/program files/atmel/studio/7.0/toolchain/avr8/avr8-gnu-toolchain/bin/../lib/gcc/avr/5.4.0/avr25\libgcc.a(_clear_bss.o)
 .text          0x00000000        0x0 c:/program files/atmel/studio/7.0/toolchain/avr8/avr8-gnu-toolchain/bin/../lib/gcc/avr/5.4.0/avr25\libgcc.a(_udivmodhi4.o)
 .data          0x00000000        0x0 c:/program files/atmel/studio/7.0/toolchain/avr8/avr8-gnu-toolchain/bin/../lib/gcc/avr/5.4.0/avr25\libgcc.a(_udivmodhi4.o)
 .bss           0x00000000        0x0 c:/program files/atmel/studio/7.0/toolchain/avr8/avr8-gnu-toolchain/bin/../lib/gcc/avr/5.4.0/avr25\libgcc.a(_udivmodhi4.o)
 .text.libgcc.mul
                0x00000000        0x0 c:/program files/atmel/studio/7.0/toolchain/avr8/avr8-gnu-toolchain/bin/../lib/gcc/avr/5.4.0/avr25\libgcc.a(_udivmodhi4.o)
 .text.libgcc   0x00000000        0x0 c:/program files/atmel/studio/7.0/toolchain/avr8/avr8-gnu-toolchain/bin/../lib/gcc/avr/5.4.0/avr25\libgcc.a(_udivmodhi4.o)
 .text.libgcc.prologue
                0x00000000        0x0 c:/program files/atmel/studio/7.0/toolchain/avr8/avr8-gnu-toolchain/bin/../lib/gcc/avr/5.4.0/avr25\libgcc.a(_udivmodhi4.o)
 .text.libgcc.builtins
                0x00000000        0x0 c:/program files/atmel/studio/7.0/toolchain/avr8/avr8-gnu-toolchain/bin/../lib/gcc/avr/5.4.0/avr25\libgcc.a(_udivmodhi4.o)
 .text.libgcc.fmul
                0x00000000        0x0 c:/program files/atmel/studio/7.0/toolchain/avr8/avr8-gnu-toolchain/bin/../lib/gcc/avr/5.4.0/avr25\libgcc.a(_udivmodhi4.o)
 .text.libgcc.fixed
                0x00000000        0x0 c:/program files/atmel/studio/7.0/toolchain/avr8/avr8-gnu-toolchain/bin/../lib/gcc/avr/5.4.0/avr25\libgcc.a(_udivmodhi4.o)

Memory Configuration

Name             Origin             Length             Attributes
text             0x00000000         0x00002000         xr
data             0x00800060         0x0000ffa0         rw !x
eeprom           0x00810000         0x00010000         rw !x
fuse             0x00820000         0x00000003         rw !x
lock             0x00830000         0x00000400         rw !x
signature        0x00840000         0x00000400         rw !x
user_signatures  0x00850000         0x00000400         rw !x
*default*        0x00000000         0xffffffff

Linker script and memory map

Address of section .data set to 0x800100
LOAD C:/Program Files/Atmel/Studio/7.0/Packs/atmel/ATtiny_DFP/1.3.172/gcc/dev/attiny828/avr25/crtattiny828.o
LOAD accel.o
LOAD n25.o
LOAD optic.o
LOAD ssp.o
LOAD tamper.o
LOAD timer.o
START GROUP
LOAD c:/program files/atmel/studio/7.0/toolchain/avr8/avr8-gnu-toolchain/bin/../lib/gcc/avr/5.4.0/../../../../avr/lib/avr25\libm.a
END GROUP
START GROUP
LOAD c:/program files/atmel/studio/7.0/toolchain/avr8/avr8-gnu-toolchain/bin/../lib/gcc/avr/5.4.0/avr25\libgcc.a
LOAD c:/program files/atmel/studio/7.0/toolchain/avr8/avr8-gnu-toolchain/bin/../lib/gcc/avr/5.4.0/../../../../avr/lib/avr25\libm.a
LOAD c:/program files/atmel/studio/7.0/toolchain/avr8/avr8-gnu-toolchain/bin/../lib/gcc/avr/5.4.0/../../../../avr/lib/avr25\libc.a
LOAD C:/Program Files/Atmel/Studio/7.0/Packs/atmel/ATtiny_DFP/1.3.172/gcc/dev/attiny828/avr25\libattiny828.a
END GROUP
                0x00002000                __TEXT_REGION_LENGTH__ = DEFINED (__TEXT_REGION_LENGTH__)?__TEXT_REGION_LENGTH__:0x2000
                0x0000ffa0                __DATA_REGION_LENGTH__ = DEFINED (__DATA_REGION_LENGTH__)?__DATA_REGION_LENGTH__:0xffa0
                0x00010000                __EEPROM_REGION_LENGTH__ = DEFINED (__EEPROM_REGION_LENGTH__)?__EEPROM_REGION_LENGTH__:0x10000
                [0x00000003]                __FUSE_REGION_LENGTH__ = DEFINED (__FUSE_REGION_LENGTH__)?__FUSE_REGION_LENGTH__:0x400
                0x00000400                __LOCK_REGION_LENGTH__ = DEFINED (__LOCK_REGION_LENGTH__)?__LOCK_REGION_LENGTH__:0x400
                0x00000400                __SIGNATURE_REGION_LENGTH__ = DEFINED (__SIGNATURE_REGION_LENGTH__)?__SIGNATURE_REGION_LENGTH__:0x400
                0x00000400                __USER_SIGNATURE_REGION_LENGTH__ = DEFINED (__USER_SIGNATURE_REGION_LENGTH__)?__USER_SIGNATURE_REGION_LENGTH__:0x400

.hash
 *(.hash)

.dynsym
 *(.dynsym)

.dynstr
 *(.dynstr)

.gnu.version
 *(.gnu.version)

.gnu.version_d
 *(.gnu.version_d)

.gnu.version_r
 *(.gnu.version_r)

.rel.init
 *(.rel.init)

.rela.init
 *(.rela.init)

.rel.text
 *(.rel.text)
 *(.rel.text.*)
 *(.rel.gnu.linkonce.t*)

.rela.text
 *(.rela.text)
 *(.rela.text.*)
 *(.rela.gnu.linkonce.t*)

.rel.fini
 *(.rel.fini)

.rela.fini
 *(.rela.fini)

.rel.rodata
 *(.rel.rodata)
 *(.rel.rodata.*)
 *(.rel.gnu.linkonce.r*)

.rela.rodata
 *(.rela.rodata)
 *(.rela.rodata.*)
 *(.rela.gnu.linkonce.r*)

.rel.data
 *(.rel.data)
 *(.rel.data.*)
 *(.rel.gnu.linkonce.d*)

.rela.data
 *(.rela.data)
 *(.rela.data.*)
 *(.rela.gnu.linkonce.d*)

.rel.ctors
 *(.rel.ctors)

.rela.ctors
 *(.rela.ctors)

.rel.dtors
 *(.rel.dtors)

.rela.dtors
 *(.rela.dtors)

.rel.got
 *(.rel.got)

.rela.got
 *(.rela.got)

.rel.bss
 *(.rel.bss)

.rela.bss
 *(.rela.bss)

.rel.plt
 *(.rel.plt)

.rela.plt
 *(.rela.plt)

.text           0x00000000     0x1132
 *(.vectors)
 .vectors       0x00000000       0x34 C:/Program Files/Atmel/Studio/7.0/Packs/atmel/ATtiny_DFP/1.3.172/gcc/dev/attiny828/avr25/crtattiny828.o
                0x00000000                __vector_default
                0x00000000                __vectors
 *(.vectors)
 *(.progmem.gcc*)
                0x00000034                . = ALIGN (0x2)
                0x00000034                __trampolines_start = .
 *(.trampolines)
 .trampolines   0x00000034        0x0 linker stubs
 *(.trampolines*)
                0x00000034                __trampolines_end = .
 *libprintf_flt.a:*(.progmem.data)
 *libc.a:*(.progmem.data)
 *(.progmem*)
                0x00000034                . = ALIGN (0x2)
 *(.jumptables)
 *(.jumptables*)
 *(.lowtext)
 *(.lowtext*)
                0x00000034                __ctors_start = .
 *(.ctors)
                0x00000034                __ctors_end = .
                0x00000034                __dtors_start = .
 *(.dtors)
                0x00000034                __dtors_end = .
 SORT(*)(.ctors)
 SORT(*)(.dtors)
 *(.init0)
 .init0         0x00000034        0x0 C:/Program Files/Atmel/Studio/7.0/Packs/atmel/ATtiny_DFP/1.3.172/gcc/dev/attiny828/avr25/crtattiny828.o
                0x00000034                __init
 *(.init0)
 *(.init1)
 *(.init1)
 *(.init2)
 .init2         0x00000034        0xc C:/Program Files/Atmel/Studio/7.0/Packs/atmel/ATtiny_DFP/1.3.172/gcc/dev/attiny828/avr25/crtattiny828.o
 *(.init2)
 *(.init3)
 *(.init3)
 *(.init4)
 .init4         0x00000040       0x10 c:/program files/atmel/studio/7.0/toolchain/avr8/avr8-gnu-toolchain/bin/../lib/gcc/avr/5.4.0/avr25\libgcc.a(_clear_bss.o)
                0x00000040                __do_clear_bss
 *(.init4)
 *(.init5)
 *(.init5)
 *(.init6)
 *(.init6)
 *(.init7)
 *(.init7)
 *(.init8)
 *(.init8)
 *(.init9)
 .init9         0x00000050        0x4 C:/Program Files/Atmel/Studio/7.0/Packs/atmel/ATtiny_DFP/1.3.172/gcc/dev/attiny828/avr25/crtattiny828.o
 *(.init9)
 *(.text)
 .text          0x00000054        0x2 C:/Program Files/Atmel/Studio/7.0/Packs/atmel/ATtiny_DFP/1.3.172/gcc/dev/attiny828/avr25/crtattiny828.o
                0x00000054                __vector_22
                0x00000054                __vector_24
                0x00000054                __bad_interrupt
                0x00000054                __vector_6
                0x00000054                __vector_23
                0x00000054                __vector_25
                0x00000054                __vector_11
                0x00000054                __vector_13
                0x00000054                __vector_17
                0x00000054                __vector_19
                0x00000054                __vector_7
                0x00000054                __vector_5
                0x00000054                __vector_2
                0x00000054                __vector_21
                0x00000054                __vector_15
                0x00000054                __vector_8
                0x00000054                __vector_14
                0x00000054                __vector_10
                0x00000054                __vector_16
                0x00000054                __vector_18
                0x00000054                __vector_20
                0x00000056                . = ALIGN (0x2)
 *(.text.*)
 .text.adx_setup
                0x00000056       0xd2 accel.o
                0x00000056                adx_setup
 .text.adx_read_status
                0x00000128       0x18 accel.o
                0x00000128                adx_read_status
 .text.mlx_get_meas
                0x00000140       0xa4 optic.o
                0x00000140                mlx_get_meas
 .text.USART_Receive.constprop.2
                0x000001e4       0x86 ssp.o
 .text.USART_Receive
                0x0000026a      0x150 ssp.o
                0x0000026a                USART_Receive
 .text.ssp_int_reset
                0x000003ba       0x12 ssp.o
                0x000003ba                ssp_int_reset
 .text.ssp_write
                0x000003cc       0x28 ssp.o
                0x000003cc                ssp_write
 .text.__vector_3
                0x000003f4       0x2a tamper.o
                0x000003f4                __vector_3
 .text.__vector_4
                0x0000041e       0x52 tamper.o
                0x0000041e                __vector_4
 .text.mkm_wipe
                0x00000470       0xa0 tamper.o
                0x00000470                mkm_wipe
 .text.__vector_1
                0x00000510       0x66 tamper.o
                0x00000510                __vector_1
 .text.process_message
                0x00000576      0x796 tamper.o
                0x00000576                process_message
 .text.check_usart_faults
                0x00000d0c       0xc0 tamper.o
                0x00000d0c                check_usart_faults
 .text.startup.main
                0x00000dcc      0x1aa tamper.o
                0x00000dcc                main
 .text.__vector_12
                0x00000f76      0x138 timer.o
                0x00000f76                __vector_12
 .text.__vector_9
                0x000010ae       0x32 timer.o
                0x000010ae                __vector_9
 .text.libgcc.div
                0x000010e0       0x26 c:/program files/atmel/studio/7.0/toolchain/avr8/avr8-gnu-toolchain/bin/../lib/gcc/avr/5.4.0/avr25\libgcc.a(_divmodhi4.o)
                0x000010e0                _div
                0x000010e0                __divmodhi4
 .text.libgcc.div
                0x00001106       0x28 c:/program files/atmel/studio/7.0/toolchain/avr8/avr8-gnu-toolchain/bin/../lib/gcc/avr/5.4.0/avr25\libgcc.a(_udivmodhi4.o)
                0x00001106                __udivmodhi4
                0x0000112e                . = ALIGN (0x2)
 *(.fini9)
 .fini9         0x0000112e        0x0 c:/program files/atmel/studio/7.0/toolchain/avr8/avr8-gnu-toolchain/bin/../lib/gcc/avr/5.4.0/avr25\libgcc.a(_exit.o)
                0x0000112e                _exit
                0x0000112e                exit
 *(.fini9)
 *(.fini8)
 *(.fini8)
 *(.fini7)
 *(.fini7)
 *(.fini6)
 *(.fini6)
 *(.fini5)
 *(.fini5)
 *(.fini4)
 *(.fini4)
 *(.fini3)
 *(.fini3)
 *(.fini2)
 *(.fini2)
 *(.fini1)
 *(.fini1)
 *(.fini0)
 .fini0         0x0000112e        0x4 c:/program files/atmel/studio/7.0/toolchain/avr8/avr8-gnu-toolchain/bin/../lib/gcc/avr/5.4.0/avr25\libgcc.a(_exit.o)
 *(.fini0)
                0x00001132                _etext = .

.data           0x00800100        0x0 load address 0x00001132
                [!provide]                PROVIDE (__data_start, .)
 *(.data)
 *(.data*)
 *(.gnu.linkonce.d*)
 *(.rodata)
 *(.rodata*)
 *(.gnu.linkonce.r*)
                0x00800100                . = ALIGN (0x2)
                0x00800100                _edata = .
                [!provide]                PROVIDE (__data_end, .)

.bss            0x00800100       0x3b
                0x00800100                PROVIDE (__bss_start, .)
 *(.bss)
 *(.bss*)
 .bss.unk_fault
                0x00800100        0x1 ssp.o
 .bss.n25_fault
                0x00800101        0x1 ssp.o
 .bss.light_fault
                0x00800102        0x1 ssp.o
 .bss.vibe_fault
                0x00800103        0x1 ssp.o
 .bss.ssp_fault
                0x00800104        0x1 ssp.o
 .bss.usart_to  0x00800105        0x1 ssp.o
 .bss.fault_value2
                0x00800106        0x1 tamper.o
 .bss.fault_value1
                0x00800107        0x1 tamper.o
 .bss.fault_code
                0x00800108        0x1 tamper.o
 .bss.unk_fault
                0x00800109        0x1 tamper.o
 .bss.n25_fault
                0x0080010a        0x1 tamper.o
 .bss.light_fault
                0x0080010b        0x1 tamper.o
 .bss.vibe_fault
                0x0080010c        0x1 tamper.o
 .bss.ssp_fault
                0x0080010d        0x1 tamper.o
 .bss.configured
                0x0080010e        0x1 tamper.o
 .bss.flags     0x0080010f        0x1 tamper.o
 *(COMMON)
 COMMON         0x00800110       0x2b accel.o
                0x00800110                case_enable
                0x00800111                calib2
                0x00800112                vibe_hi_thresh
                0x00800113                rcv_error_stop
                0x00800114                ssp_out
                0x00800115                sent
                0x00800116                tx_bit_count
                0x00800117                vibe_enable
                0x00800118                sending
                0x00800119                start_bit
                0x0080011a                temperature
                0x0080011c                light
                0x0080011e                vibe_lo_thresh
                0x0080011f                light_enable
                0x00800120                rcv_char
                0x00800121                temp_enable
                0x00800122                tamper_detected
                0x00800123                wd_init
                0x00800124                rcv_valid
                0x00800125                receiving
                0x00800126                light_status
                0x00800127                rcv_bit_count
                0x00800128                rcv
                0x00800131                light_thresh
                0x00800133                calib1
                0x00800134                tx_char
                0x00800135                vibe_status
                0x00800136                temp_hi_thresh
                0x00800138                temp_status
                0x00800139                temp_lo_thresh
                0x0080013b                PROVIDE (__bss_end, .)
                0x00001132                __data_load_start = LOADADDR (.data)
                0x00001132                __data_load_end = (__data_load_start + SIZEOF (.data))

.noinit         0x0080013b        0x0
                [!provide]                PROVIDE (__noinit_start, .)
 *(.noinit*)
                [!provide]                PROVIDE (__noinit_end, .)
                0x0080013b                _end = .
                [!provide]                PROVIDE (__heap_start, .)

.eeprom         0x00810000        0x0
 *(.eeprom*)
                0x00810000                __eeprom_end = .

.fuse
 *(.fuse)
 *(.lfuse)
 *(.hfuse)
 *(.efuse)

.lock
 *(.lock*)

.signature
 *(.signature*)

.user_signatures
 *(.user_signatures*)

.stab
 *(.stab)

.stabstr
 *(.stabstr)

.stab.excl
 *(.stab.excl)

.stab.exclstr
 *(.stab.exclstr)

.stab.index
 *(.stab.index)

.stab.indexstr
 *(.stab.indexstr)

.comment        0x00000000       0x30
 *(.comment)
 .comment       0x00000000       0x30 accel.o
                                 0x31 (size before relaxing)
 .comment       0x00000030       0x31 optic.o
 .comment       0x00000030       0x31 ssp.o
 .comment       0x00000030       0x31 tamper.o
 .comment       0x00000030       0x31 timer.o

.note.gnu.avr.deviceinfo
                0x00000000       0x3c
 .note.gnu.avr.deviceinfo
                0x00000000       0x3c C:/Program Files/Atmel/Studio/7.0/Packs/atmel/ATtiny_DFP/1.3.172/gcc/dev/attiny828/avr25/crtattiny828.o

.note.gnu.build-id
 *(.note.gnu.build-id)

.debug
 *(.debug)

.line
 *(.line)

.debug_srcinfo
 *(.debug_srcinfo)

.debug_sfnames
 *(.debug_sfnames)

.debug_aranges  0x00000000      0x1c0
 *(.debug_aranges)
 .debug_aranges
                0x00000000       0x48 accel.o
 .debug_aranges
                0x00000048       0x68 optic.o
 .debug_aranges
                0x000000b0       0x80 ssp.o
 .debug_aranges
                0x00000130       0x58 tamper.o
 .debug_aranges
                0x00000188       0x38 timer.o

.debug_pubnames
 *(.debug_pubnames)

.debug_info     0x00000000     0x3ea0
 *(.debug_info .gnu.linkonce.wi.*)
 .debug_info    0x00000000      0x6cc C:/Program Files/Atmel/Studio/7.0/Packs/atmel/ATtiny_DFP/1.3.172/gcc/dev/attiny828/avr25/crtattiny828.o
 .debug_info    0x000006cc      0xd29 accel.o
 .debug_info    0x000013f5      0xbac optic.o
 .debug_info    0x00001fa1      0xecf ssp.o
 .debug_info    0x00002e70      0xc45 tamper.o
 .debug_info    0x00003ab5      0x3eb timer.o

.debug_abbrev   0x00000000      0xf70
 *(.debug_abbrev)
 .debug_abbrev  0x00000000      0x66e C:/Program Files/Atmel/Studio/7.0/Packs/atmel/ATtiny_DFP/1.3.172/gcc/dev/attiny828/avr25/crtattiny828.o
 .debug_abbrev  0x0000066e      0x1ce accel.o
 .debug_abbrev  0x0000083c      0x16e optic.o
 .debug_abbrev  0x000009aa      0x23c ssp.o
 .debug_abbrev  0x00000be6      0x2b9 tamper.o
 .debug_abbrev  0x00000e9f       0xd1 timer.o

.debug_line     0x00000000     0x1b0a
 *(.debug_line .debug_line.* .debug_line_end)
 .debug_line    0x00000000      0x133 C:/Program Files/Atmel/Studio/7.0/Packs/atmel/ATtiny_DFP/1.3.172/gcc/dev/attiny828/avr25/crtattiny828.o
 .debug_line    0x00000133      0x2ad accel.o
 .debug_line    0x000003e0      0x2d9 optic.o
 .debug_line    0x000006b9      0x562 ssp.o
 .debug_line    0x00000c1b      0xd0e tamper.o
 .debug_line    0x00001929      0x1e1 timer.o

.debug_frame    0x00000000      0x3f4
 *(.debug_frame)
 .debug_frame   0x00000000       0x90 accel.o
 .debug_frame   0x00000090       0xc8 optic.o
 .debug_frame   0x00000158       0xec ssp.o
 .debug_frame   0x00000244      0x118 tamper.o
 .debug_frame   0x0000035c       0x98 timer.o

.debug_str      0x00000000      0x89c
 *(.debug_str)
 .debug_str     0x00000000      0x25e C:/Program Files/Atmel/Studio/7.0/Packs/atmel/ATtiny_DFP/1.3.172/gcc/dev/attiny828/avr25/crtattiny828.o
 .debug_str     0x0000025e      0x36e accel.o
                                0x3b4 (size before relaxing)
 .debug_str     0x000005cc       0xa0 optic.o
                                0x3f0 (size before relaxing)
 .debug_str     0x0000066c       0xbe ssp.o
                                0x439 (size before relaxing)
 .debug_str     0x0000072a      0x132 tamper.o
                                0x4c2 (size before relaxing)
 .debug_str     0x0000085c       0x40 timer.o
                                0x376 (size before relaxing)

.debug_loc      0x00000000     0x1311
 *(.debug_loc)
 .debug_loc     0x00000000      0x3cd accel.o
 .debug_loc     0x000003cd      0x29a optic.o
 .debug_loc     0x00000667      0x4fe ssp.o
 .debug_loc     0x00000b65      0x67f tamper.o
 .debug_loc     0x000011e4      0x12d timer.o

.debug_macinfo
 *(.debug_macinfo)

.debug_weaknames
 *(.debug_weaknames)

.debug_funcnames
 *(.debug_funcnames)

.debug_typenames
 *(.debug_typenames)

.debug_varnames
 *(.debug_varnames)

.debug_pubtypes
 *(.debug_pubtypes)

.debug_ranges   0x00000000      0x278
 *(.debug_ranges)
 .debug_ranges  0x00000000       0x38 accel.o
 .debug_ranges  0x00000038       0x58 optic.o
 .debug_ranges  0x00000090       0xf0 ssp.o
 .debug_ranges  0x00000180       0xd0 tamper.o
 .debug_ranges  0x00000250       0x28 timer.o

.debug_macro
 *(.debug_macro)
OUTPUT(Sensor_board.elf elf32-avr)
LOAD linker stubs
