Archive member included to satisfy reference by file (symbol)

c:/program files/atmel/studio/7.0/toolchain/avr8/avr8-gnu-toolchain/bin/../lib/gcc/avr/5.4.0/avr25\libgcc.a(_exit.o)
                              C:/Program Files/Atmel/Studio/7.0/Packs/atmel/ATtiny_DFP/1.3.172/gcc/dev/attiny828/avr25/crtattiny828.o (exit)
c:/program files/atmel/studio/7.0/toolchain/avr8/avr8-gnu-toolchain/bin/../lib/gcc/avr/5.4.0/avr25\libgcc.a(_clear_bss.o)
                              accel.o (__do_clear_bss)

Allocating common symbols
Common symbol       size              file

id                  0x14              tamper.o

Discarded input sections

 .data          0x00000000        0x0 C:/Program Files/Atmel/Studio/7.0/Packs/atmel/ATtiny_DFP/1.3.172/gcc/dev/attiny828/avr25/crtattiny828.o
 .bss           0x00000000        0x0 C:/Program Files/Atmel/Studio/7.0/Packs/atmel/ATtiny_DFP/1.3.172/gcc/dev/attiny828/avr25/crtattiny828.o
 .text          0x00000000        0x0 accel.o
 .data          0x00000000        0x0 accel.o
 .bss           0x00000000        0x0 accel.o
 .bss.ssp_out   0x00000000        0x1 accel.o
 .bss.wd_init   0x00000000        0x1 accel.o
 .bss.temperature
                0x00000000        0x2 accel.o
 .bss.light     0x00000000        0x2 accel.o
 .bss.start_bit
                0x00000000        0x1 accel.o
 .bss.bit_count
                0x00000000        0x1 accel.o
 .bss.rcv_char  0x00000000        0x1 accel.o
 .bss.rcv_valid
                0x00000000        0x1 accel.o
 .bss.rcv_error_stop
                0x00000000        0x1 accel.o
 .text.adx_read_id
                0x00000000       0x2e accel.o
 .text.adx_wr_reg
                0x00000000       0x3c accel.o
 .text.adx_setup
                0x00000000       0x3a accel.o
 .text.adx_rd_reg
                0x00000000       0x32 accel.o
 .text.adx_read_status
                0x00000000       0x2e accel.o
 .text          0x00000000        0x0 optic.o
 .data          0x00000000        0x0 optic.o
 .bss           0x00000000        0x0 optic.o
 .bss.ssp_out   0x00000000        0x1 optic.o
 .bss.wd_init   0x00000000        0x1 optic.o
 .bss.temperature
                0x00000000        0x2 optic.o
 .bss.light     0x00000000        0x2 optic.o
 .bss.start_bit
                0x00000000        0x1 optic.o
 .bss.bit_count
                0x00000000        0x1 optic.o
 .bss.rcv_char  0x00000000        0x1 optic.o
 .bss.rcv_valid
                0x00000000        0x1 optic.o
 .bss.rcv_error_stop
                0x00000000        0x1 optic.o
 .text.mlx_start_meas
                0x00000000       0x24 optic.o
 .text.mlx_get_meas
                0x00000000       0x84 optic.o
 .text.mlx_setup
                0x00000000       0x28 optic.o
 .text.mlx_nop  0x00000000       0x24 optic.o
 .text.mlx_reset
                0x00000000       0x24 optic.o
 .text.mlx_request_sleep
                0x00000000       0x24 optic.o
 .text.mlx_confirm_sleep
                0x00000000       0x24 optic.o
 .text          0x00000000        0x0 ssp.o
 .data          0x00000000        0x0 ssp.o
 .bss           0x00000000        0x0 ssp.o
 .bss.ssp_out   0x00000000        0x1 ssp.o
 .bss.wd_init   0x00000000        0x1 ssp.o
 .bss.temperature
                0x00000000        0x2 ssp.o
 .bss.light     0x00000000        0x2 ssp.o
 .bss.start_bit
                0x00000000        0x1 ssp.o
 .bss.bit_count
                0x00000000        0x1 ssp.o
 .bss.rcv_char  0x00000000        0x1 ssp.o
 .bss.rcv_valid
                0x00000000        0x1 ssp.o
 .bss.rcv_error_stop
                0x00000000        0x1 ssp.o
 .text.ssp_clear_tamper
                0x00000000       0x40 ssp.o
 .text          0x00000000        0x0 tamper.o
 .data          0x00000000        0x0 tamper.o
 .bss           0x00000000        0x0 tamper.o
 .bss.temperature
                0x00000000        0x2 tamper.o
 .bss.light     0x00000000        0x2 tamper.o
 .bss.rcv_error_stop
                0x00000000        0x1 tamper.o
 .text.spi_read
                0x00000000       0x1a tamper.o
 .text.spi_write_byte
                0x00000000       0x3c tamper.o
 .text.spi_read_byte
                0x00000000       0x72 tamper.o
 COMMON         0x00000000       0x14 tamper.o
 .text          0x00000000        0x0 timer.o
 .data          0x00000000        0x0 timer.o
 .bss           0x00000000        0x0 timer.o
 .bss.ssp_out   0x00000000        0x1 timer.o
 .bss.wd_init   0x00000000        0x1 timer.o
 .bss.temperature
                0x00000000        0x2 timer.o
 .bss.light     0x00000000        0x2 timer.o
 .bss.rcv_valid
                0x00000000        0x1 timer.o
 .text          0x00000000        0x0 c:/program files/atmel/studio/7.0/toolchain/avr8/avr8-gnu-toolchain/bin/../lib/gcc/avr/5.4.0/avr25\libgcc.a(_exit.o)
 .data          0x00000000        0x0 c:/program files/atmel/studio/7.0/toolchain/avr8/avr8-gnu-toolchain/bin/../lib/gcc/avr/5.4.0/avr25\libgcc.a(_exit.o)
 .bss           0x00000000        0x0 c:/program files/atmel/studio/7.0/toolchain/avr8/avr8-gnu-toolchain/bin/../lib/gcc/avr/5.4.0/avr25\libgcc.a(_exit.o)
 .text.libgcc.mul
                0x00000000        0x0 c:/program files/atmel/studio/7.0/toolchain/avr8/avr8-gnu-toolchain/bin/../lib/gcc/avr/5.4.0/avr25\libgcc.a(_exit.o)
 .text.libgcc.div
                0x00000000        0x0 c:/program files/atmel/studio/7.0/toolchain/avr8/avr8-gnu-toolchain/bin/../lib/gcc/avr/5.4.0/avr25\libgcc.a(_exit.o)
 .text.libgcc   0x00000000        0x0 c:/program files/atmel/studio/7.0/toolchain/avr8/avr8-gnu-toolchain/bin/../lib/gcc/avr/5.4.0/avr25\libgcc.a(_exit.o)
 .text.libgcc.prologue
                0x00000000        0x0 c:/program files/atmel/studio/7.0/toolchain/avr8/avr8-gnu-toolchain/bin/../lib/gcc/avr/5.4.0/avr25\libgcc.a(_exit.o)
 .text.libgcc.builtins
                0x00000000        0x0 c:/program files/atmel/studio/7.0/toolchain/avr8/avr8-gnu-toolchain/bin/../lib/gcc/avr/5.4.0/avr25\libgcc.a(_exit.o)
 .text.libgcc.fmul
                0x00000000        0x0 c:/program files/atmel/studio/7.0/toolchain/avr8/avr8-gnu-toolchain/bin/../lib/gcc/avr/5.4.0/avr25\libgcc.a(_exit.o)
 .text.libgcc.fixed
                0x00000000        0x0 c:/program files/atmel/studio/7.0/toolchain/avr8/avr8-gnu-toolchain/bin/../lib/gcc/avr/5.4.0/avr25\libgcc.a(_exit.o)
 .text          0x00000000        0x0 c:/program files/atmel/studio/7.0/toolchain/avr8/avr8-gnu-toolchain/bin/../lib/gcc/avr/5.4.0/avr25\libgcc.a(_clear_bss.o)
 .data          0x00000000        0x0 c:/program files/atmel/studio/7.0/toolchain/avr8/avr8-gnu-toolchain/bin/../lib/gcc/avr/5.4.0/avr25\libgcc.a(_clear_bss.o)
 .bss           0x00000000        0x0 c:/program files/atmel/studio/7.0/toolchain/avr8/avr8-gnu-toolchain/bin/../lib/gcc/avr/5.4.0/avr25\libgcc.a(_clear_bss.o)
 .text.libgcc.mul
                0x00000000        0x0 c:/program files/atmel/studio/7.0/toolchain/avr8/avr8-gnu-toolchain/bin/../lib/gcc/avr/5.4.0/avr25\libgcc.a(_clear_bss.o)
 .text.libgcc.div
                0x00000000        0x0 c:/program files/atmel/studio/7.0/toolchain/avr8/avr8-gnu-toolchain/bin/../lib/gcc/avr/5.4.0/avr25\libgcc.a(_clear_bss.o)
 .text.libgcc   0x00000000        0x0 c:/program files/atmel/studio/7.0/toolchain/avr8/avr8-gnu-toolchain/bin/../lib/gcc/avr/5.4.0/avr25\libgcc.a(_clear_bss.o)
 .text.libgcc.prologue
                0x00000000        0x0 c:/program files/atmel/studio/7.0/toolchain/avr8/avr8-gnu-toolchain/bin/../lib/gcc/avr/5.4.0/avr25\libgcc.a(_clear_bss.o)
 .text.libgcc.builtins
                0x00000000        0x0 c:/program files/atmel/studio/7.0/toolchain/avr8/avr8-gnu-toolchain/bin/../lib/gcc/avr/5.4.0/avr25\libgcc.a(_clear_bss.o)
 .text.libgcc.fmul
                0x00000000        0x0 c:/program files/atmel/studio/7.0/toolchain/avr8/avr8-gnu-toolchain/bin/../lib/gcc/avr/5.4.0/avr25\libgcc.a(_clear_bss.o)
 .text.libgcc.fixed
                0x00000000        0x0 c:/program files/atmel/studio/7.0/toolchain/avr8/avr8-gnu-toolchain/bin/../lib/gcc/avr/5.4.0/avr25\libgcc.a(_clear_bss.o)

Memory Configuration

Name             Origin             Length             Attributes
text             0x00000000         0x00002000         xr
data             0x00800060         0x0000ffa0         rw !x
eeprom           0x00810000         0x00010000         rw !x
fuse             0x00820000         0x00000003         rw !x
lock             0x00830000         0x00000400         rw !x
signature        0x00840000         0x00000400         rw !x
user_signatures  0x00850000         0x00000400         rw !x
*default*        0x00000000         0xffffffff

Linker script and memory map

Address of section .data set to 0x800100
LOAD C:/Program Files/Atmel/Studio/7.0/Packs/atmel/ATtiny_DFP/1.3.172/gcc/dev/attiny828/avr25/crtattiny828.o
LOAD accel.o
LOAD optic.o
LOAD ssp.o
LOAD tamper.o
LOAD timer.o
START GROUP
LOAD c:/program files/atmel/studio/7.0/toolchain/avr8/avr8-gnu-toolchain/bin/../lib/gcc/avr/5.4.0/../../../../avr/lib/avr25\libm.a
END GROUP
START GROUP
LOAD c:/program files/atmel/studio/7.0/toolchain/avr8/avr8-gnu-toolchain/bin/../lib/gcc/avr/5.4.0/avr25\libgcc.a
LOAD c:/program files/atmel/studio/7.0/toolchain/avr8/avr8-gnu-toolchain/bin/../lib/gcc/avr/5.4.0/../../../../avr/lib/avr25\libm.a
LOAD c:/program files/atmel/studio/7.0/toolchain/avr8/avr8-gnu-toolchain/bin/../lib/gcc/avr/5.4.0/../../../../avr/lib/avr25\libc.a
LOAD C:/Program Files/Atmel/Studio/7.0/Packs/atmel/ATtiny_DFP/1.3.172/gcc/dev/attiny828/avr25\libattiny828.a
END GROUP
                0x00002000                __TEXT_REGION_LENGTH__ = DEFINED (__TEXT_REGION_LENGTH__)?__TEXT_REGION_LENGTH__:0x2000
                0x0000ffa0                __DATA_REGION_LENGTH__ = DEFINED (__DATA_REGION_LENGTH__)?__DATA_REGION_LENGTH__:0xffa0
                0x00010000                __EEPROM_REGION_LENGTH__ = DEFINED (__EEPROM_REGION_LENGTH__)?__EEPROM_REGION_LENGTH__:0x10000
                [0x00000003]                __FUSE_REGION_LENGTH__ = DEFINED (__FUSE_REGION_LENGTH__)?__FUSE_REGION_LENGTH__:0x400
                0x00000400                __LOCK_REGION_LENGTH__ = DEFINED (__LOCK_REGION_LENGTH__)?__LOCK_REGION_LENGTH__:0x400
                0x00000400                __SIGNATURE_REGION_LENGTH__ = DEFINED (__SIGNATURE_REGION_LENGTH__)?__SIGNATURE_REGION_LENGTH__:0x400
                0x00000400                __USER_SIGNATURE_REGION_LENGTH__ = DEFINED (__USER_SIGNATURE_REGION_LENGTH__)?__USER_SIGNATURE_REGION_LENGTH__:0x400

.hash
 *(.hash)

.dynsym
 *(.dynsym)

.dynstr
 *(.dynstr)

.gnu.version
 *(.gnu.version)

.gnu.version_d
 *(.gnu.version_d)

.gnu.version_r
 *(.gnu.version_r)

.rel.init
 *(.rel.init)

.rela.init
 *(.rela.init)

.rel.text
 *(.rel.text)
 *(.rel.text.*)
 *(.rel.gnu.linkonce.t*)

.rela.text
 *(.rela.text)
 *(.rela.text.*)
 *(.rela.gnu.linkonce.t*)

.rel.fini
 *(.rel.fini)

.rela.fini
 *(.rela.fini)

.rel.rodata
 *(.rel.rodata)
 *(.rel.rodata.*)
 *(.rel.gnu.linkonce.r*)

.rela.rodata
 *(.rela.rodata)
 *(.rela.rodata.*)
 *(.rela.gnu.linkonce.r*)

.rel.data
 *(.rel.data)
 *(.rel.data.*)
 *(.rel.gnu.linkonce.d*)

.rela.data
 *(.rela.data)
 *(.rela.data.*)
 *(.rela.gnu.linkonce.d*)

.rel.ctors
 *(.rel.ctors)

.rela.ctors
 *(.rela.ctors)

.rel.dtors
 *(.rel.dtors)

.rela.dtors
 *(.rela.dtors)

.rel.got
 *(.rel.got)

.rela.got
 *(.rela.got)

.rel.bss
 *(.rel.bss)

.rela.bss
 *(.rela.bss)

.rel.plt
 *(.rel.plt)

.rela.plt
 *(.rela.plt)

.text           0x00000000      0xa26
 *(.vectors)
 .vectors       0x00000000       0x34 C:/Program Files/Atmel/Studio/7.0/Packs/atmel/ATtiny_DFP/1.3.172/gcc/dev/attiny828/avr25/crtattiny828.o
                0x00000000                __vector_default
                0x00000000                __vectors
 *(.vectors)
 *(.progmem.gcc*)
                0x00000034                . = ALIGN (0x2)
                0x00000034                __trampolines_start = .
 *(.trampolines)
 .trampolines   0x00000034        0x0 linker stubs
 *(.trampolines*)
                0x00000034                __trampolines_end = .
 *libprintf_flt.a:*(.progmem.data)
 *libc.a:*(.progmem.data)
 *(.progmem*)
                0x00000034                . = ALIGN (0x2)
 *(.jumptables)
 *(.jumptables*)
 *(.lowtext)
 *(.lowtext*)
                0x00000034                __ctors_start = .
 *(.ctors)
                0x00000034                __ctors_end = .
                0x00000034                __dtors_start = .
 *(.dtors)
                0x00000034                __dtors_end = .
 SORT(*)(.ctors)
 SORT(*)(.dtors)
 *(.init0)
 .init0         0x00000034        0x0 C:/Program Files/Atmel/Studio/7.0/Packs/atmel/ATtiny_DFP/1.3.172/gcc/dev/attiny828/avr25/crtattiny828.o
                0x00000034                __init
 *(.init0)
 *(.init1)
 *(.init1)
 *(.init2)
 .init2         0x00000034        0xc C:/Program Files/Atmel/Studio/7.0/Packs/atmel/ATtiny_DFP/1.3.172/gcc/dev/attiny828/avr25/crtattiny828.o
 *(.init2)
 *(.init3)
 *(.init3)
 *(.init4)
 .init4         0x00000040       0x10 c:/program files/atmel/studio/7.0/toolchain/avr8/avr8-gnu-toolchain/bin/../lib/gcc/avr/5.4.0/avr25\libgcc.a(_clear_bss.o)
                0x00000040                __do_clear_bss
 *(.init4)
 *(.init5)
 *(.init5)
 *(.init6)
 *(.init6)
 *(.init7)
 *(.init7)
 *(.init8)
 *(.init8)
 *(.init9)
 .init9         0x00000050        0x4 C:/Program Files/Atmel/Studio/7.0/Packs/atmel/ATtiny_DFP/1.3.172/gcc/dev/attiny828/avr25/crtattiny828.o
 *(.init9)
 *(.text)
 .text          0x00000054        0x2 C:/Program Files/Atmel/Studio/7.0/Packs/atmel/ATtiny_DFP/1.3.172/gcc/dev/attiny828/avr25/crtattiny828.o
                0x00000054                __vector_22
                0x00000054                __vector_24
                0x00000054                __bad_interrupt
                0x00000054                __vector_6
                0x00000054                __vector_23
                0x00000054                __vector_25
                0x00000054                __vector_11
                0x00000054                __vector_13
                0x00000054                __vector_17
                0x00000054                __vector_19
                0x00000054                __vector_7
                0x00000054                __vector_9
                0x00000054                __vector_2
                0x00000054                __vector_21
                0x00000054                __vector_15
                0x00000054                __vector_8
                0x00000054                __vector_14
                0x00000054                __vector_10
                0x00000054                __vector_16
                0x00000054                __vector_18
                0x00000054                __vector_20
                0x00000056                . = ALIGN (0x2)
 *(.text.*)
 .text.adx_chip_select
                0x00000056       0x48 accel.o
                0x00000056                adx_chip_select
 .text.mlx_chip_select
                0x0000009e       0x48 optic.o
                0x0000009e                mlx_chip_select
 .text.mlx_sleep
                0x000000e6       0x52 optic.o
                0x000000e6                mlx_sleep
 .text.ssp_chip_select
                0x00000138       0x48 ssp.o
                0x00000138                ssp_chip_select
 .text.spi_usart_setup
                0x00000180       0x6a ssp.o
                0x00000180                spi_usart_setup
 .text.ssp_boot
                0x000001ea       0x3c ssp.o
                0x000001ea                ssp_boot
 .text.USART_Receive
                0x00000226       0x4a ssp.o
                0x00000226                USART_Receive
 .text.ssp_setup
                0x00000270       0x28 ssp.o
                0x00000270                ssp_setup
 .text.ssp_int_config
                0x00000298       0xa0 ssp.o
                0x00000298                ssp_int_config
 .text.ssp_int_reset
                0x00000338       0x28 ssp.o
                0x00000338                ssp_int_reset
 .text.ssp_read_byte
                0x00000360       0x2e ssp.o
                0x00000360                ssp_read_byte
 .text.ssp_write
                0x0000038e       0x46 ssp.o
                0x0000038e                ssp_write
 .text.mkm_chip_select
                0x000003d4       0x48 tamper.o
 .text.mkm_grab
                0x0000041c       0x34 tamper.o
 .text.mkm_release
                0x00000450       0x34 tamper.o
 .text.spi_setup
                0x00000484       0x92 tamper.o
 .text.spi_write
                0x00000516       0x2c tamper.o
 .text.spi_set_operation
                0x00000542       0x1e tamper.o
 .text.__vector_3
                0x00000560       0x30 tamper.o
                0x00000560                __vector_3
 .text.__vector_1
                0x00000590       0x64 tamper.o
                0x00000590                __vector_1
 .text.__vector_5
                0x000005f4       0x5c tamper.o
                0x000005f4                __vector_5
 .text.__vector_4
                0x00000650       0x7c tamper.o
                0x00000650                __vector_4
 .text.init_ports
                0x000006cc       0x2e tamper.o
 .text.init_interrupts
                0x000006fa       0x78 tamper.o
 .text.init_int0
                0x00000772       0x22 tamper.o
 .text.init_power_reduction
                0x00000794       0x10 tamper.o
 .text.mkm_wipe
                0x000007a4       0xe2 tamper.o
                0x000007a4                mkm_wipe
 .text.main     0x00000886       0x98 tamper.o
                0x00000886                main
 .text.initTimer1
                0x0000091e       0x46 timer.o
                0x0000091e                initTimer1
 .text.__vector_12
                0x00000964       0xbe timer.o
                0x00000964                __vector_12
                0x00000a22                . = ALIGN (0x2)
 *(.fini9)
 .fini9         0x00000a22        0x0 c:/program files/atmel/studio/7.0/toolchain/avr8/avr8-gnu-toolchain/bin/../lib/gcc/avr/5.4.0/avr25\libgcc.a(_exit.o)
                0x00000a22                _exit
                0x00000a22                exit
 *(.fini9)
 *(.fini8)
 *(.fini8)
 *(.fini7)
 *(.fini7)
 *(.fini6)
 *(.fini6)
 *(.fini5)
 *(.fini5)
 *(.fini4)
 *(.fini4)
 *(.fini3)
 *(.fini3)
 *(.fini2)
 *(.fini2)
 *(.fini1)
 *(.fini1)
 *(.fini0)
 .fini0         0x00000a22        0x4 c:/program files/atmel/studio/7.0/toolchain/avr8/avr8-gnu-toolchain/bin/../lib/gcc/avr/5.4.0/avr25\libgcc.a(_exit.o)
 *(.fini0)
                0x00000a26                _etext = .

.data           0x00800100        0x0 load address 0x00000a26
                [!provide]                PROVIDE (__data_start, .)
 *(.data)
 *(.data*)
 *(.gnu.linkonce.d*)
 *(.rodata)
 *(.rodata*)
 *(.gnu.linkonce.r*)
                0x00800100                . = ALIGN (0x2)
                0x00800100                _edata = .
                [!provide]                PROVIDE (__data_end, .)

.bss            0x00800100        0xa
                0x00800100                PROVIDE (__bss_start, .)
 *(.bss)
 *(.bss*)
 .bss.ssp_out   0x00800100        0x1 tamper.o
 .bss.wd_init   0x00800101        0x1 tamper.o
 .bss.start_bit
                0x00800102        0x1 tamper.o
 .bss.bit_count
                0x00800103        0x1 tamper.o
 .bss.rcv_char  0x00800104        0x1 tamper.o
 .bss.rcv_valid
                0x00800105        0x1 tamper.o
 .bss.start_bit
                0x00800106        0x1 timer.o
 .bss.bit_count
                0x00800107        0x1 timer.o
 .bss.rcv_char  0x00800108        0x1 timer.o
 .bss.rcv_error_stop
                0x00800109        0x1 timer.o
 *(COMMON)
                0x0080010a                PROVIDE (__bss_end, .)
                0x00000a26                __data_load_start = LOADADDR (.data)
                0x00000a26                __data_load_end = (__data_load_start + SIZEOF (.data))

.noinit         0x0080010a        0x0
                [!provide]                PROVIDE (__noinit_start, .)
 *(.noinit*)
                [!provide]                PROVIDE (__noinit_end, .)
                0x0080010a                _end = .
                [!provide]                PROVIDE (__heap_start, .)

.eeprom         0x00810000        0x0
 *(.eeprom*)
                0x00810000                __eeprom_end = .

.fuse
 *(.fuse)
 *(.lfuse)
 *(.hfuse)
 *(.efuse)

.lock
 *(.lock*)

.signature
 *(.signature*)

.user_signatures
 *(.user_signatures*)

.stab
 *(.stab)

.stabstr
 *(.stabstr)

.stab.excl
 *(.stab.excl)

.stab.exclstr
 *(.stab.exclstr)

.stab.index
 *(.stab.index)

.stab.indexstr
 *(.stab.indexstr)

.comment        0x00000000       0x30
 *(.comment)
 .comment       0x00000000       0x30 accel.o
                                 0x31 (size before relaxing)
 .comment       0x00000030       0x31 optic.o
 .comment       0x00000030       0x31 ssp.o
 .comment       0x00000030       0x31 tamper.o
 .comment       0x00000030       0x31 timer.o

.note.gnu.avr.deviceinfo
                0x00000000       0x3c
 .note.gnu.avr.deviceinfo
                0x00000000       0x3c C:/Program Files/Atmel/Studio/7.0/Packs/atmel/ATtiny_DFP/1.3.172/gcc/dev/attiny828/avr25/crtattiny828.o

.note.gnu.build-id
 *(.note.gnu.build-id)

.debug
 *(.debug)

.line
 *(.line)

.debug_srcinfo
 *(.debug_srcinfo)

.debug_sfnames
 *(.debug_sfnames)

.debug_aranges  0x00000000      0x1e8
 *(.debug_aranges)
 .debug_aranges
                0x00000000       0x48 accel.o
 .debug_aranges
                0x00000048       0x60 optic.o
 .debug_aranges
                0x000000a8       0x68 ssp.o
 .debug_aranges
                0x00000110       0xb0 tamper.o
 .debug_aranges
                0x000001c0       0x28 timer.o

.debug_pubnames
 *(.debug_pubnames)

.debug_info     0x00000000     0x1342
 *(.debug_info .gnu.linkonce.wi.*)
 .debug_info    0x00000000      0x6cc C:/Program Files/Atmel/Studio/7.0/Packs/atmel/ATtiny_DFP/1.3.172/gcc/dev/attiny828/avr25/crtattiny828.o
 .debug_info    0x000006cc      0x239 accel.o
 .debug_info    0x00000905      0x20f optic.o
 .debug_info    0x00000b14      0x27f ssp.o
 .debug_info    0x00000d93      0x43b tamper.o
 .debug_info    0x000011ce      0x174 timer.o

.debug_abbrev   0x00000000      0xb5c
 *(.debug_abbrev)
 .debug_abbrev  0x00000000      0x66e C:/Program Files/Atmel/Studio/7.0/Packs/atmel/ATtiny_DFP/1.3.172/gcc/dev/attiny828/avr25/crtattiny828.o
 .debug_abbrev  0x0000066e      0x105 accel.o
 .debug_abbrev  0x00000773       0xa8 optic.o
 .debug_abbrev  0x0000081b      0x10e ssp.o
 .debug_abbrev  0x00000929      0x1ae tamper.o
 .debug_abbrev  0x00000ad7       0x85 timer.o

.debug_line     0x00000000      0xfdc
 *(.debug_line .debug_line.* .debug_line_end)
 .debug_line    0x00000000      0x133 C:/Program Files/Atmel/Studio/7.0/Packs/atmel/ATtiny_DFP/1.3.172/gcc/dev/attiny828/avr25/crtattiny828.o
 .debug_line    0x00000133      0x1e8 accel.o
 .debug_line    0x0000031b      0x28d optic.o
 .debug_line    0x000005a8      0x3a8 ssp.o
 .debug_line    0x00000950      0x572 tamper.o
 .debug_line    0x00000ec2      0x11a timer.o

.debug_frame    0x00000000      0x724
 *(.debug_frame)
 .debug_frame   0x00000000       0xd4 accel.o
 .debug_frame   0x000000d4      0x134 optic.o
 .debug_frame   0x00000208      0x154 ssp.o
 .debug_frame   0x0000035c      0x34c tamper.o
 .debug_frame   0x000006a8       0x7c timer.o

.debug_str      0x00000000      0x6c1
 *(.debug_str)
 .debug_str     0x00000000      0x25e C:/Program Files/Atmel/Studio/7.0/Packs/atmel/ATtiny_DFP/1.3.172/gcc/dev/attiny828/avr25/crtattiny828.o
 .debug_str     0x0000025e      0x1f8 accel.o
                                0x231 (size before relaxing)
 .debug_str     0x00000456       0x8b optic.o
                                0x258 (size before relaxing)
 .debug_str     0x000004e1       0x9f ssp.o
                                0x277 (size before relaxing)
 .debug_str     0x00000580      0x117 tamper.o
                                0x2f6 (size before relaxing)
 .debug_str     0x00000697       0x2a timer.o
                                0x1eb (size before relaxing)

.debug_loc      0x00000000      0xe69
 *(.debug_loc)
 .debug_loc     0x00000000      0x1a3 accel.o
 .debug_loc     0x000001a3      0x22d optic.o
 .debug_loc     0x000003d0      0x29c ssp.o
 .debug_loc     0x0000066c      0x712 tamper.o
 .debug_loc     0x00000d7e       0xeb timer.o

.debug_macinfo
 *(.debug_macinfo)

.debug_weaknames
 *(.debug_weaknames)

.debug_funcnames
 *(.debug_funcnames)

.debug_typenames
 *(.debug_typenames)

.debug_varnames
 *(.debug_varnames)

.debug_pubtypes
 *(.debug_pubtypes)

.debug_ranges   0x00000000      0x198
 *(.debug_ranges)
 .debug_ranges  0x00000000       0x38 accel.o
 .debug_ranges  0x00000038       0x50 optic.o
 .debug_ranges  0x00000088       0x58 ssp.o
 .debug_ranges  0x000000e0       0xa0 tamper.o
 .debug_ranges  0x00000180       0x18 timer.o

.debug_macro
 *(.debug_macro)
OUTPUT(Sensor_board.elf elf32-avr)
LOAD linker stubs
