Archive member included to satisfy reference by file (symbol)

c:/program files/atmel/studio/7.0/toolchain/avr8/avr8-gnu-toolchain/bin/../lib/gcc/avr/5.4.0/avr25\libgcc.a(_exit.o)
                              C:/Program Files/Atmel/Studio/7.0/Packs/atmel/ATtiny_DFP/1.3.172/gcc/dev/attiny828/avr25/crtattiny828.o (exit)
c:/program files/atmel/studio/7.0/toolchain/avr8/avr8-gnu-toolchain/bin/../lib/gcc/avr/5.4.0/avr25\libgcc.a(_clear_bss.o)
                              accel.o (__do_clear_bss)

Allocating common symbols
Common symbol       size              file

rcv_error_stop      0x1               accel.o
ssp_out             0x1               accel.o
tx_bit_count        0x1               accel.o
sending             0x1               accel.o
start_bit           0x1               accel.o
temperature         0x2               accel.o
id                  0x14              tamper.o
light               0x2               accel.o
rcv_char            0x1               accel.o
wd_init             0x1               accel.o
rcv_valid           0x1               accel.o
receiving           0x1               accel.o
rcv_bit_count       0x1               accel.o
rcv                 0x9               accel.o
tx_char             0x1               accel.o

Discarded input sections

 .data          0x00000000        0x0 C:/Program Files/Atmel/Studio/7.0/Packs/atmel/ATtiny_DFP/1.3.172/gcc/dev/attiny828/avr25/crtattiny828.o
 .bss           0x00000000        0x0 C:/Program Files/Atmel/Studio/7.0/Packs/atmel/ATtiny_DFP/1.3.172/gcc/dev/attiny828/avr25/crtattiny828.o
 .text          0x00000000        0x0 accel.o
 .data          0x00000000        0x0 accel.o
 .bss           0x00000000        0x0 accel.o
 .text.adx_read_id
                0x00000000       0x12 accel.o
 .text.adx_wr_reg
                0x00000000       0x22 accel.o
 .text.adx_setup
                0x00000000       0x8e accel.o
 .text.adx_rd_reg
                0x00000000       0x18 accel.o
 .text.adx_read_status
                0x00000000       0x12 accel.o
 .text          0x00000000        0x0 n25.o
 .data          0x00000000        0x0 n25.o
 .bss           0x00000000        0x0 n25.o
 .text.n25_read
                0x00000000       0x46 n25.o
 .text          0x00000000        0x0 optic.o
 .data          0x00000000        0x0 optic.o
 .bss           0x00000000        0x0 optic.o
 .text.mlx_start_meas
                0x00000000        0xe optic.o
 .text.mlx_get_meas
                0x00000000       0x5e optic.o
 .text.mlx_setup
                0x00000000       0x12 optic.o
 .text.mlx_nop  0x00000000        0xe optic.o
 .text.mlx_reset
                0x00000000        0xe optic.o
 .text.mlx_request_sleep
                0x00000000        0xe optic.o
 .text.mlx_confirm_sleep
                0x00000000        0xe optic.o
 .text          0x00000000        0x0 ssp.o
 .data          0x00000000        0x0 ssp.o
 .bss           0x00000000        0x0 ssp.o
 .text.ssp_chip_select
                0x00000000        0xc ssp.o
 .text.ssp_int_config
                0x00000000      0x1e6 ssp.o
 .text.ssp_clear_tamper
                0x00000000       0xa6 ssp.o
 .text          0x00000000        0x0 tamper.o
 .data          0x00000000        0x0 tamper.o
 .bss           0x00000000        0x0 tamper.o
 COMMON         0x00000000       0x14 tamper.o
 .text          0x00000000        0x0 timer.o
 .data          0x00000000        0x0 timer.o
 .bss           0x00000000        0x0 timer.o
 .text.initTimer1
                0x00000000       0x16 timer.o
 .text          0x00000000        0x0 c:/program files/atmel/studio/7.0/toolchain/avr8/avr8-gnu-toolchain/bin/../lib/gcc/avr/5.4.0/avr25\libgcc.a(_exit.o)
 .data          0x00000000        0x0 c:/program files/atmel/studio/7.0/toolchain/avr8/avr8-gnu-toolchain/bin/../lib/gcc/avr/5.4.0/avr25\libgcc.a(_exit.o)
 .bss           0x00000000        0x0 c:/program files/atmel/studio/7.0/toolchain/avr8/avr8-gnu-toolchain/bin/../lib/gcc/avr/5.4.0/avr25\libgcc.a(_exit.o)
 .text.libgcc.mul
                0x00000000        0x0 c:/program files/atmel/studio/7.0/toolchain/avr8/avr8-gnu-toolchain/bin/../lib/gcc/avr/5.4.0/avr25\libgcc.a(_exit.o)
 .text.libgcc.div
                0x00000000        0x0 c:/program files/atmel/studio/7.0/toolchain/avr8/avr8-gnu-toolchain/bin/../lib/gcc/avr/5.4.0/avr25\libgcc.a(_exit.o)
 .text.libgcc   0x00000000        0x0 c:/program files/atmel/studio/7.0/toolchain/avr8/avr8-gnu-toolchain/bin/../lib/gcc/avr/5.4.0/avr25\libgcc.a(_exit.o)
 .text.libgcc.prologue
                0x00000000        0x0 c:/program files/atmel/studio/7.0/toolchain/avr8/avr8-gnu-toolchain/bin/../lib/gcc/avr/5.4.0/avr25\libgcc.a(_exit.o)
 .text.libgcc.builtins
                0x00000000        0x0 c:/program files/atmel/studio/7.0/toolchain/avr8/avr8-gnu-toolchain/bin/../lib/gcc/avr/5.4.0/avr25\libgcc.a(_exit.o)
 .text.libgcc.fmul
                0x00000000        0x0 c:/program files/atmel/studio/7.0/toolchain/avr8/avr8-gnu-toolchain/bin/../lib/gcc/avr/5.4.0/avr25\libgcc.a(_exit.o)
 .text.libgcc.fixed
                0x00000000        0x0 c:/program files/atmel/studio/7.0/toolchain/avr8/avr8-gnu-toolchain/bin/../lib/gcc/avr/5.4.0/avr25\libgcc.a(_exit.o)
 .text          0x00000000        0x0 c:/program files/atmel/studio/7.0/toolchain/avr8/avr8-gnu-toolchain/bin/../lib/gcc/avr/5.4.0/avr25\libgcc.a(_clear_bss.o)
 .data          0x00000000        0x0 c:/program files/atmel/studio/7.0/toolchain/avr8/avr8-gnu-toolchain/bin/../lib/gcc/avr/5.4.0/avr25\libgcc.a(_clear_bss.o)
 .bss           0x00000000        0x0 c:/program files/atmel/studio/7.0/toolchain/avr8/avr8-gnu-toolchain/bin/../lib/gcc/avr/5.4.0/avr25\libgcc.a(_clear_bss.o)
 .text.libgcc.mul
                0x00000000        0x0 c:/program files/atmel/studio/7.0/toolchain/avr8/avr8-gnu-toolchain/bin/../lib/gcc/avr/5.4.0/avr25\libgcc.a(_clear_bss.o)
 .text.libgcc.div
                0x00000000        0x0 c:/program files/atmel/studio/7.0/toolchain/avr8/avr8-gnu-toolchain/bin/../lib/gcc/avr/5.4.0/avr25\libgcc.a(_clear_bss.o)
 .text.libgcc   0x00000000        0x0 c:/program files/atmel/studio/7.0/toolchain/avr8/avr8-gnu-toolchain/bin/../lib/gcc/avr/5.4.0/avr25\libgcc.a(_clear_bss.o)
 .text.libgcc.prologue
                0x00000000        0x0 c:/program files/atmel/studio/7.0/toolchain/avr8/avr8-gnu-toolchain/bin/../lib/gcc/avr/5.4.0/avr25\libgcc.a(_clear_bss.o)
 .text.libgcc.builtins
                0x00000000        0x0 c:/program files/atmel/studio/7.0/toolchain/avr8/avr8-gnu-toolchain/bin/../lib/gcc/avr/5.4.0/avr25\libgcc.a(_clear_bss.o)
 .text.libgcc.fmul
                0x00000000        0x0 c:/program files/atmel/studio/7.0/toolchain/avr8/avr8-gnu-toolchain/bin/../lib/gcc/avr/5.4.0/avr25\libgcc.a(_clear_bss.o)
 .text.libgcc.fixed
                0x00000000        0x0 c:/program files/atmel/studio/7.0/toolchain/avr8/avr8-gnu-toolchain/bin/../lib/gcc/avr/5.4.0/avr25\libgcc.a(_clear_bss.o)

Memory Configuration

Name             Origin             Length             Attributes
text             0x00000000         0x00002000         xr
data             0x00800060         0x0000ffa0         rw !x
eeprom           0x00810000         0x00010000         rw !x
fuse             0x00820000         0x00000003         rw !x
lock             0x00830000         0x00000400         rw !x
signature        0x00840000         0x00000400         rw !x
user_signatures  0x00850000         0x00000400         rw !x
*default*        0x00000000         0xffffffff

Linker script and memory map

Address of section .data set to 0x800100
LOAD C:/Program Files/Atmel/Studio/7.0/Packs/atmel/ATtiny_DFP/1.3.172/gcc/dev/attiny828/avr25/crtattiny828.o
LOAD accel.o
LOAD n25.o
LOAD optic.o
LOAD ssp.o
LOAD tamper.o
LOAD timer.o
START GROUP
LOAD c:/program files/atmel/studio/7.0/toolchain/avr8/avr8-gnu-toolchain/bin/../lib/gcc/avr/5.4.0/../../../../avr/lib/avr25\libm.a
END GROUP
START GROUP
LOAD c:/program files/atmel/studio/7.0/toolchain/avr8/avr8-gnu-toolchain/bin/../lib/gcc/avr/5.4.0/avr25\libgcc.a
LOAD c:/program files/atmel/studio/7.0/toolchain/avr8/avr8-gnu-toolchain/bin/../lib/gcc/avr/5.4.0/../../../../avr/lib/avr25\libm.a
LOAD c:/program files/atmel/studio/7.0/toolchain/avr8/avr8-gnu-toolchain/bin/../lib/gcc/avr/5.4.0/../../../../avr/lib/avr25\libc.a
LOAD C:/Program Files/Atmel/Studio/7.0/Packs/atmel/ATtiny_DFP/1.3.172/gcc/dev/attiny828/avr25\libattiny828.a
END GROUP
                0x00002000                __TEXT_REGION_LENGTH__ = DEFINED (__TEXT_REGION_LENGTH__)?__TEXT_REGION_LENGTH__:0x2000
                0x0000ffa0                __DATA_REGION_LENGTH__ = DEFINED (__DATA_REGION_LENGTH__)?__DATA_REGION_LENGTH__:0xffa0
                0x00010000                __EEPROM_REGION_LENGTH__ = DEFINED (__EEPROM_REGION_LENGTH__)?__EEPROM_REGION_LENGTH__:0x10000
                [0x00000003]                __FUSE_REGION_LENGTH__ = DEFINED (__FUSE_REGION_LENGTH__)?__FUSE_REGION_LENGTH__:0x400
                0x00000400                __LOCK_REGION_LENGTH__ = DEFINED (__LOCK_REGION_LENGTH__)?__LOCK_REGION_LENGTH__:0x400
                0x00000400                __SIGNATURE_REGION_LENGTH__ = DEFINED (__SIGNATURE_REGION_LENGTH__)?__SIGNATURE_REGION_LENGTH__:0x400
                0x00000400                __USER_SIGNATURE_REGION_LENGTH__ = DEFINED (__USER_SIGNATURE_REGION_LENGTH__)?__USER_SIGNATURE_REGION_LENGTH__:0x400

.hash
 *(.hash)

.dynsym
 *(.dynsym)

.dynstr
 *(.dynstr)

.gnu.version
 *(.gnu.version)

.gnu.version_d
 *(.gnu.version_d)

.gnu.version_r
 *(.gnu.version_r)

.rel.init
 *(.rel.init)

.rela.init
 *(.rela.init)

.rel.text
 *(.rel.text)
 *(.rel.text.*)
 *(.rel.gnu.linkonce.t*)

.rela.text
 *(.rela.text)
 *(.rela.text.*)
 *(.rela.gnu.linkonce.t*)

.rel.fini
 *(.rel.fini)

.rela.fini
 *(.rela.fini)

.rel.rodata
 *(.rel.rodata)
 *(.rel.rodata.*)
 *(.rel.gnu.linkonce.r*)

.rela.rodata
 *(.rela.rodata)
 *(.rela.rodata.*)
 *(.rela.gnu.linkonce.r*)

.rel.data
 *(.rel.data)
 *(.rel.data.*)
 *(.rel.gnu.linkonce.d*)

.rela.data
 *(.rela.data)
 *(.rela.data.*)
 *(.rela.gnu.linkonce.d*)

.rel.ctors
 *(.rel.ctors)

.rela.ctors
 *(.rela.ctors)

.rel.dtors
 *(.rel.dtors)

.rela.dtors
 *(.rela.dtors)

.rel.got
 *(.rel.got)

.rela.got
 *(.rela.got)

.rel.bss
 *(.rel.bss)

.rela.bss
 *(.rela.bss)

.rel.plt
 *(.rel.plt)

.rela.plt
 *(.rela.plt)

.text           0x00000000      0x63a
 *(.vectors)
 .vectors       0x00000000       0x34 C:/Program Files/Atmel/Studio/7.0/Packs/atmel/ATtiny_DFP/1.3.172/gcc/dev/attiny828/avr25/crtattiny828.o
                0x00000000                __vector_default
                0x00000000                __vectors
 *(.vectors)
 *(.progmem.gcc*)
                0x00000034                . = ALIGN (0x2)
                0x00000034                __trampolines_start = .
 *(.trampolines)
 .trampolines   0x00000034        0x0 linker stubs
 *(.trampolines*)
                0x00000034                __trampolines_end = .
 *libprintf_flt.a:*(.progmem.data)
 *libc.a:*(.progmem.data)
 *(.progmem*)
                0x00000034                . = ALIGN (0x2)
 *(.jumptables)
 *(.jumptables*)
 *(.lowtext)
 *(.lowtext*)
                0x00000034                __ctors_start = .
 *(.ctors)
                0x00000034                __ctors_end = .
                0x00000034                __dtors_start = .
 *(.dtors)
                0x00000034                __dtors_end = .
 SORT(*)(.ctors)
 SORT(*)(.dtors)
 *(.init0)
 .init0         0x00000034        0x0 C:/Program Files/Atmel/Studio/7.0/Packs/atmel/ATtiny_DFP/1.3.172/gcc/dev/attiny828/avr25/crtattiny828.o
                0x00000034                __init
 *(.init0)
 *(.init1)
 *(.init1)
 *(.init2)
 .init2         0x00000034        0xc C:/Program Files/Atmel/Studio/7.0/Packs/atmel/ATtiny_DFP/1.3.172/gcc/dev/attiny828/avr25/crtattiny828.o
 *(.init2)
 *(.init3)
 *(.init3)
 *(.init4)
 .init4         0x00000040       0x10 c:/program files/atmel/studio/7.0/toolchain/avr8/avr8-gnu-toolchain/bin/../lib/gcc/avr/5.4.0/avr25\libgcc.a(_clear_bss.o)
                0x00000040                __do_clear_bss
 *(.init4)
 *(.init5)
 *(.init5)
 *(.init6)
 *(.init6)
 *(.init7)
 *(.init7)
 *(.init8)
 *(.init8)
 *(.init9)
 .init9         0x00000050        0x4 C:/Program Files/Atmel/Studio/7.0/Packs/atmel/ATtiny_DFP/1.3.172/gcc/dev/attiny828/avr25/crtattiny828.o
 *(.init9)
 *(.text)
 .text          0x00000054        0x2 C:/Program Files/Atmel/Studio/7.0/Packs/atmel/ATtiny_DFP/1.3.172/gcc/dev/attiny828/avr25/crtattiny828.o
                0x00000054                __vector_22
                0x00000054                __vector_24
                0x00000054                __bad_interrupt
                0x00000054                __vector_6
                0x00000054                __vector_23
                0x00000054                __vector_25
                0x00000054                __vector_11
                0x00000054                __vector_13
                0x00000054                __vector_17
                0x00000054                __vector_19
                0x00000054                __vector_7
                0x00000054                __vector_5
                0x00000054                __vector_9
                0x00000054                __vector_2
                0x00000054                __vector_21
                0x00000054                __vector_15
                0x00000054                __vector_8
                0x00000054                __vector_14
                0x00000054                __vector_10
                0x00000054                __vector_16
                0x00000054                __vector_18
                0x00000054                __vector_20
                0x00000056                . = ALIGN (0x2)
 *(.text.*)
 .text.adx_chip_select
                0x00000056        0xc accel.o
                0x00000056                adx_chip_select
 .text.n25_chip_select
                0x00000062        0xc n25.o
                0x00000062                n25_chip_select
 .text.mlx_chip_select
                0x0000006e        0xc optic.o
                0x0000006e                mlx_chip_select
 .text.mlx_sleep
                0x0000007a       0x3a optic.o
                0x0000007a                mlx_sleep
 .text.spi_usart_setup
                0x000000b4       0x3e ssp.o
                0x000000b4                spi_usart_setup
 .text.ssp_boot
                0x000000f2        0x6 ssp.o
                0x000000f2                ssp_boot
 .text.USART_Receive
                0x000000f8       0x1a ssp.o
                0x000000f8                USART_Receive
 .text.ssp_setup
                0x00000112       0x52 ssp.o
                0x00000112                ssp_setup
 .text.ssp_int_reset
                0x00000164       0x52 ssp.o
                0x00000164                ssp_int_reset
 .text.ssp_read_byte
                0x000001b6       0x52 ssp.o
                0x000001b6                ssp_read_byte
 .text.ssp_write
                0x00000208       0xa2 ssp.o
                0x00000208                ssp_write
 .text.__vector_3
                0x000002aa       0x2a tamper.o
                0x000002aa                __vector_3
 .text.__vector_4
                0x000002d4       0x4e tamper.o
                0x000002d4                __vector_4
 .text.mkm_wipe
                0x00000322       0xa0 tamper.o
                0x00000322                mkm_wipe
 .text.__vector_1
                0x000003c2       0x54 tamper.o
                0x000003c2                __vector_1
 .text.startup.main
                0x00000416       0xe8 tamper.o
                0x00000416                main
 .text.__vector_12
                0x000004fe      0x138 timer.o
                0x000004fe                __vector_12
                0x00000636                . = ALIGN (0x2)
 *(.fini9)
 .fini9         0x00000636        0x0 c:/program files/atmel/studio/7.0/toolchain/avr8/avr8-gnu-toolchain/bin/../lib/gcc/avr/5.4.0/avr25\libgcc.a(_exit.o)
                0x00000636                _exit
                0x00000636                exit
 *(.fini9)
 *(.fini8)
 *(.fini8)
 *(.fini7)
 *(.fini7)
 *(.fini6)
 *(.fini6)
 *(.fini5)
 *(.fini5)
 *(.fini4)
 *(.fini4)
 *(.fini3)
 *(.fini3)
 *(.fini2)
 *(.fini2)
 *(.fini1)
 *(.fini1)
 *(.fini0)
 .fini0         0x00000636        0x4 c:/program files/atmel/studio/7.0/toolchain/avr8/avr8-gnu-toolchain/bin/../lib/gcc/avr/5.4.0/avr25\libgcc.a(_exit.o)
 *(.fini0)
                0x0000063a                _etext = .

.data           0x00800100        0x0 load address 0x0000063a
                [!provide]                PROVIDE (__data_start, .)
 *(.data)
 *(.data*)
 *(.gnu.linkonce.d*)
 *(.rodata)
 *(.rodata*)
 *(.gnu.linkonce.r*)
                0x00800100                . = ALIGN (0x2)
                0x00800100                _edata = .
                [!provide]                PROVIDE (__data_end, .)

.bss            0x00800100       0x18
                0x00800100                PROVIDE (__bss_start, .)
 *(.bss)
 *(.bss*)
 *(COMMON)
 COMMON         0x00800100       0x18 accel.o
                0x00800100                rcv_error_stop
                0x00800101                ssp_out
                0x00800102                tx_bit_count
                0x00800103                sending
                0x00800104                start_bit
                0x00800105                temperature
                0x00800107                light
                0x00800109                rcv_char
                0x0080010a                wd_init
                0x0080010b                rcv_valid
                0x0080010c                receiving
                0x0080010d                rcv_bit_count
                0x0080010e                rcv
                0x00800117                tx_char
                0x00800118                PROVIDE (__bss_end, .)
                0x0000063a                __data_load_start = LOADADDR (.data)
                0x0000063a                __data_load_end = (__data_load_start + SIZEOF (.data))

.noinit         0x00800118        0x0
                [!provide]                PROVIDE (__noinit_start, .)
 *(.noinit*)
                [!provide]                PROVIDE (__noinit_end, .)
                0x00800118                _end = .
                [!provide]                PROVIDE (__heap_start, .)

.eeprom         0x00810000        0x0
 *(.eeprom*)
                0x00810000                __eeprom_end = .

.fuse
 *(.fuse)
 *(.lfuse)
 *(.hfuse)
 *(.efuse)

.lock
 *(.lock*)

.signature
 *(.signature*)

.user_signatures
 *(.user_signatures*)

.stab
 *(.stab)

.stabstr
 *(.stabstr)

.stab.excl
 *(.stab.excl)

.stab.exclstr
 *(.stab.exclstr)

.stab.index
 *(.stab.index)

.stab.indexstr
 *(.stab.indexstr)

.comment        0x00000000       0x30
 *(.comment)
 .comment       0x00000000       0x30 accel.o
                                 0x31 (size before relaxing)
 .comment       0x00000030       0x31 n25.o
 .comment       0x00000030       0x31 optic.o
 .comment       0x00000030       0x31 ssp.o
 .comment       0x00000030       0x31 tamper.o
 .comment       0x00000030       0x31 timer.o

.note.gnu.avr.deviceinfo
                0x00000000       0x3c
 .note.gnu.avr.deviceinfo
                0x00000000       0x3c C:/Program Files/Atmel/Studio/7.0/Packs/atmel/ATtiny_DFP/1.3.172/gcc/dev/attiny828/avr25/crtattiny828.o

.note.gnu.build-id
 *(.note.gnu.build-id)

.debug
 *(.debug)

.line
 *(.line)

.debug_srcinfo
 *(.debug_srcinfo)

.debug_sfnames
 *(.debug_sfnames)

.debug_aranges  0x00000000      0x1a0
 *(.debug_aranges)
 .debug_aranges
                0x00000000       0x48 accel.o
 .debug_aranges
                0x00000048       0x28 n25.o
 .debug_aranges
                0x00000070       0x60 optic.o
 .debug_aranges
                0x000000d0       0x68 ssp.o
 .debug_aranges
                0x00000138       0x40 tamper.o
 .debug_aranges
                0x00000178       0x28 timer.o

.debug_pubnames
 *(.debug_pubnames)

.debug_info     0x00000000     0x304e
 *(.debug_info .gnu.linkonce.wi.*)
 .debug_info    0x00000000      0x6cc C:/Program Files/Atmel/Studio/7.0/Packs/atmel/ATtiny_DFP/1.3.172/gcc/dev/attiny828/avr25/crtattiny828.o
 .debug_info    0x000006cc      0xab2 accel.o
 .debug_info    0x0000117e      0x32b n25.o
 .debug_info    0x000014a9      0x826 optic.o
 .debug_info    0x00001ccf      0xb77 ssp.o
 .debug_info    0x00002846      0x614 tamper.o
 .debug_info    0x00002e5a      0x1f4 timer.o

.debug_abbrev   0x00000000      0xf5a
 *(.debug_abbrev)
 .debug_abbrev  0x00000000      0x66e C:/Program Files/Atmel/Studio/7.0/Packs/atmel/ATtiny_DFP/1.3.172/gcc/dev/attiny828/avr25/crtattiny828.o
 .debug_abbrev  0x0000066e      0x1b6 accel.o
 .debug_abbrev  0x00000824      0x167 n25.o
 .debug_abbrev  0x0000098b      0x149 optic.o
 .debug_abbrev  0x00000ad4      0x1bf ssp.o
 .debug_abbrev  0x00000c93      0x203 tamper.o
 .debug_abbrev  0x00000e96       0xc4 timer.o

.debug_line     0x00000000     0x1262
 *(.debug_line .debug_line.* .debug_line_end)
 .debug_line    0x00000000      0x133 C:/Program Files/Atmel/Studio/7.0/Packs/atmel/ATtiny_DFP/1.3.172/gcc/dev/attiny828/avr25/crtattiny828.o
 .debug_line    0x00000133      0x29a accel.o
 .debug_line    0x000003cd      0x10f n25.o
 .debug_line    0x000004dc      0x276 optic.o
 .debug_line    0x00000752      0x61b ssp.o
 .debug_line    0x00000d6d      0x35f tamper.o
 .debug_line    0x000010cc      0x196 timer.o

.debug_frame    0x00000000      0x374
 *(.debug_frame)
 .debug_frame   0x00000000       0x88 accel.o
 .debug_frame   0x00000088       0x48 n25.o
 .debug_frame   0x000000d0       0xac optic.o
 .debug_frame   0x0000017c       0xb4 ssp.o
 .debug_frame   0x00000230       0xe8 tamper.o
 .debug_frame   0x00000318       0x5c timer.o

.debug_str      0x00000000      0x6e2
 *(.debug_str)
 .debug_str     0x00000000      0x25e C:/Program Files/Atmel/Studio/7.0/Packs/atmel/ATtiny_DFP/1.3.172/gcc/dev/attiny828/avr25/crtattiny828.o
 .debug_str     0x0000025e      0x23d accel.o
                                0x276 (size before relaxing)
 .debug_str     0x0000049b       0x33 n25.o
                                0x24a (size before relaxing)
 .debug_str     0x000004ce       0x8b optic.o
                                0x29d (size before relaxing)
 .debug_str     0x00000559       0x91 ssp.o
                                0x2de (size before relaxing)
 .debug_str     0x000005ea       0xce tamper.o
                                0x32d (size before relaxing)
 .debug_str     0x000006b8       0x2a timer.o
                                0x222 (size before relaxing)

.debug_loc      0x00000000      0xbc6
 *(.debug_loc)
 .debug_loc     0x00000000      0x3ae accel.o
 .debug_loc     0x000003ae      0x145 n25.o
 .debug_loc     0x000004f3      0x203 optic.o
 .debug_loc     0x000006f6      0x1a4 ssp.o
 .debug_loc     0x0000089a      0x282 tamper.o
 .debug_loc     0x00000b1c       0xaa timer.o

.debug_macinfo
 *(.debug_macinfo)

.debug_weaknames
 *(.debug_weaknames)

.debug_funcnames
 *(.debug_funcnames)

.debug_typenames
 *(.debug_typenames)

.debug_varnames
 *(.debug_varnames)

.debug_pubtypes
 *(.debug_pubtypes)

.debug_ranges   0x00000000      0x140
 *(.debug_ranges)
 .debug_ranges  0x00000000       0x38 accel.o
 .debug_ranges  0x00000038       0x18 n25.o
 .debug_ranges  0x00000050       0x50 optic.o
 .debug_ranges  0x000000a0       0x58 ssp.o
 .debug_ranges  0x000000f8       0x30 tamper.o
 .debug_ranges  0x00000128       0x18 timer.o

.debug_macro
 *(.debug_macro)
OUTPUT(Sensor_board.elf elf32-avr)
LOAD linker stubs
