Archive member included to satisfy reference by file (symbol)

c:/program files/atmel/studio/7.0/toolchain/avr8/avr8-gnu-toolchain/bin/../lib/gcc/avr/5.4.0/../../../../avr/lib/avr25\libm.a(fixsfsi.o)
                              accel.o (__fixsfsi)
c:/program files/atmel/studio/7.0/toolchain/avr8/avr8-gnu-toolchain/bin/../lib/gcc/avr/5.4.0/../../../../avr/lib/avr25\libm.a(fixunssfsi.o)
                              c:/program files/atmel/studio/7.0/toolchain/avr8/avr8-gnu-toolchain/bin/../lib/gcc/avr/5.4.0/../../../../avr/lib/avr25\libm.a(fixsfsi.o) (__fixunssfsi)
c:/program files/atmel/studio/7.0/toolchain/avr8/avr8-gnu-toolchain/bin/../lib/gcc/avr/5.4.0/../../../../avr/lib/avr25\libm.a(floatsisf.o)
                              accel.o (__floatsisf)
c:/program files/atmel/studio/7.0/toolchain/avr8/avr8-gnu-toolchain/bin/../lib/gcc/avr/5.4.0/../../../../avr/lib/avr25\libm.a(fp_split3.o)
                              c:/program files/atmel/studio/7.0/toolchain/avr8/avr8-gnu-toolchain/bin/../lib/gcc/avr/5.4.0/../../../../avr/lib/avr25\libm.a(fixunssfsi.o) (__fp_splitA)
c:/program files/atmel/studio/7.0/toolchain/avr8/avr8-gnu-toolchain/bin/../lib/gcc/avr/5.4.0/../../../../avr/lib/avr25\libm.a(fp_zero.o)
                              c:/program files/atmel/studio/7.0/toolchain/avr8/avr8-gnu-toolchain/bin/../lib/gcc/avr/5.4.0/../../../../avr/lib/avr25\libm.a(fixunssfsi.o) (__fp_zero)
c:/program files/atmel/studio/7.0/toolchain/avr8/avr8-gnu-toolchain/bin/../lib/gcc/avr/5.4.0/../../../../avr/lib/avr25\libm.a(mulsf3.o)
                              accel.o (__mulsf3)
c:/program files/atmel/studio/7.0/toolchain/avr8/avr8-gnu-toolchain/bin/../lib/gcc/avr/5.4.0/../../../../avr/lib/avr25\libm.a(mulsf3x.o)
                              c:/program files/atmel/studio/7.0/toolchain/avr8/avr8-gnu-toolchain/bin/../lib/gcc/avr/5.4.0/../../../../avr/lib/avr25\libm.a(mulsf3.o) (__mulsf3x)
c:/program files/atmel/studio/7.0/toolchain/avr8/avr8-gnu-toolchain/bin/../lib/gcc/avr/5.4.0/../../../../avr/lib/avr25\libm.a(fp_inf.o)
                              c:/program files/atmel/studio/7.0/toolchain/avr8/avr8-gnu-toolchain/bin/../lib/gcc/avr/5.4.0/../../../../avr/lib/avr25\libm.a(mulsf3x.o) (__fp_inf)
c:/program files/atmel/studio/7.0/toolchain/avr8/avr8-gnu-toolchain/bin/../lib/gcc/avr/5.4.0/../../../../avr/lib/avr25\libm.a(fp_nan.o)
                              c:/program files/atmel/studio/7.0/toolchain/avr8/avr8-gnu-toolchain/bin/../lib/gcc/avr/5.4.0/../../../../avr/lib/avr25\libm.a(mulsf3x.o) (__fp_nan)
c:/program files/atmel/studio/7.0/toolchain/avr8/avr8-gnu-toolchain/bin/../lib/gcc/avr/5.4.0/../../../../avr/lib/avr25\libm.a(fp_pscA.o)
                              c:/program files/atmel/studio/7.0/toolchain/avr8/avr8-gnu-toolchain/bin/../lib/gcc/avr/5.4.0/../../../../avr/lib/avr25\libm.a(mulsf3x.o) (__fp_pscA)
c:/program files/atmel/studio/7.0/toolchain/avr8/avr8-gnu-toolchain/bin/../lib/gcc/avr/5.4.0/../../../../avr/lib/avr25\libm.a(fp_pscB.o)
                              c:/program files/atmel/studio/7.0/toolchain/avr8/avr8-gnu-toolchain/bin/../lib/gcc/avr/5.4.0/../../../../avr/lib/avr25\libm.a(mulsf3x.o) (__fp_pscB)
c:/program files/atmel/studio/7.0/toolchain/avr8/avr8-gnu-toolchain/bin/../lib/gcc/avr/5.4.0/../../../../avr/lib/avr25\libm.a(fp_round.o)
                              c:/program files/atmel/studio/7.0/toolchain/avr8/avr8-gnu-toolchain/bin/../lib/gcc/avr/5.4.0/../../../../avr/lib/avr25\libm.a(mulsf3.o) (__fp_round)
c:/program files/atmel/studio/7.0/toolchain/avr8/avr8-gnu-toolchain/bin/../lib/gcc/avr/5.4.0/avr25\libgcc.a(_exit.o)
                              C:/Program Files/Atmel/Studio/7.0/Packs/atmel/ATtiny_DFP/1.3.172/gcc/dev/attiny828/avr25/crtattiny828.o (exit)
c:/program files/atmel/studio/7.0/toolchain/avr8/avr8-gnu-toolchain/bin/../lib/gcc/avr/5.4.0/avr25\libgcc.a(_clear_bss.o)
                              accel.o (__do_clear_bss)

Allocating common symbols
Common symbol       size              file

case_enable         0x1               accel.o
calib2              0x1               accel.o
vibe_hi_thresh      0x1               accel.o
rcv_error_stop      0x1               accel.o
ssp_out             0x1               accel.o
light_retrieve      0x1               accel.o
sent                0x1               accel.o
tx_bit_count        0x1               accel.o
vibe_enable         0x1               accel.o
sending             0x1               accel.o
tamper_delay_flag   0x1               accel.o
start_bit           0x1               accel.o
temperature         0x4               accel.o
usart_to            0x1               accel.o
id                  0x14              tamper.o
light               0x2               accel.o
vibe_lo_thresh      0x1               accel.o
light_enable        0x1               accel.o
rcv_char            0x1               accel.o
temp_enable         0x1               accel.o
spi_to_flag         0x1               accel.o
tamper_detected     0x1               accel.o
wd_init             0x1               accel.o
rcv_valid           0x1               accel.o
receiving           0x1               accel.o
fifo_delay_flag     0x1               accel.o
light_status        0x1               accel.o
rcv_bit_count       0x1               accel.o
rcv                 0x9               accel.o
light_thresh        0x2               accel.o
calib1              0x1               accel.o
fifo_delay          0x1               accel.o
tx_char             0x1               accel.o
vibe_status         0x1               accel.o
temp_hi_thresh      0x2               accel.o
spi_disable         0x1               accel.o
temp_status         0x1               accel.o
temp_lo_thresh      0x2               accel.o
tamper_delay        0x4               accel.o
spi_to              0x1               accel.o
vibe_thresh         0x2               accel.o

Discarded input sections

 .data          0x00000000        0x0 C:/Program Files/Atmel/Studio/7.0/Packs/atmel/ATtiny_DFP/1.3.172/gcc/dev/attiny828/avr25/crtattiny828.o
 .bss           0x00000000        0x0 C:/Program Files/Atmel/Studio/7.0/Packs/atmel/ATtiny_DFP/1.3.172/gcc/dev/attiny828/avr25/crtattiny828.o
 .text          0x00000000        0x0 accel.o
 .data          0x00000000        0x0 accel.o
 .bss           0x00000000        0x0 accel.o
 .text.adx_wr_reg
                0x00000000       0x24 accel.o
 .text.adx_rd_reg
                0x00000000       0x1e accel.o
 .bss.samples   0x00000000        0x2 accel.o
 .bss.fault_value2
                0x00000000        0x1 accel.o
 .bss.fault_value1
                0x00000000        0x1 accel.o
 .bss.fault_code
                0x00000000        0x1 accel.o
 .bss.unk_fault
                0x00000000        0x1 accel.o
 .bss.n25_fault
                0x00000000        0x1 accel.o
 .bss.light_fault
                0x00000000        0x1 accel.o
 .bss.vibe_fault
                0x00000000        0x1 accel.o
 .bss.ssp_fault
                0x00000000        0x1 accel.o
 .text          0x00000000        0x0 n25.o
 .data          0x00000000        0x0 n25.o
 .bss           0x00000000        0x0 n25.o
 .text.n25_read
                0x00000000       0x4c n25.o
 .bss.fifo      0x00000000       0x3c n25.o
 .bss.samples   0x00000000        0x2 n25.o
 .bss.fault_value2
                0x00000000        0x1 n25.o
 .bss.fault_value1
                0x00000000        0x1 n25.o
 .bss.fault_code
                0x00000000        0x1 n25.o
 .bss.unk_fault
                0x00000000        0x1 n25.o
 .bss.n25_fault
                0x00000000        0x1 n25.o
 .bss.light_fault
                0x00000000        0x1 n25.o
 .bss.vibe_fault
                0x00000000        0x1 n25.o
 .bss.ssp_fault
                0x00000000        0x1 n25.o
 .text          0x00000000        0x0 optic.o
 .data          0x00000000        0x0 optic.o
 .bss           0x00000000        0x0 optic.o
 .text.mlx_setup
                0x00000000       0x18 optic.o
 .text.mlx_nop  0x00000000       0x12 optic.o
 .text.mlx_request_sleep
                0x00000000       0x12 optic.o
 .text.mlx_confirm_sleep
                0x00000000       0x12 optic.o
 .text.mlx_sleep
                0x00000000       0x4a optic.o
 .bss.fifo      0x00000000       0x3c optic.o
 .bss.samples   0x00000000        0x2 optic.o
 .bss.fault_value2
                0x00000000        0x1 optic.o
 .bss.fault_value1
                0x00000000        0x1 optic.o
 .bss.fault_code
                0x00000000        0x1 optic.o
 .bss.unk_fault
                0x00000000        0x1 optic.o
 .bss.n25_fault
                0x00000000        0x1 optic.o
 .bss.light_fault
                0x00000000        0x1 optic.o
 .bss.vibe_fault
                0x00000000        0x1 optic.o
 .bss.ssp_fault
                0x00000000        0x1 optic.o
 .text          0x00000000        0x0 ssp.o
 .data          0x00000000        0x0 ssp.o
 .bss           0x00000000        0x0 ssp.o
 .text.ssp_chip_select
                0x00000000        0xc ssp.o
 .text.reset_fault
                0x00000000       0x30 ssp.o
 .text.log_fault
                0x00000000       0x4e ssp.o
 .text.ssp_clear_tamper
                0x00000000       0x22 ssp.o
 .bss.fifo      0x00000000       0x3c ssp.o
 .bss.samples   0x00000000        0x2 ssp.o
 .bss.fault_value2
                0x00000000        0x1 ssp.o
 .bss.fault_value1
                0x00000000        0x1 ssp.o
 .bss.fault_code
                0x00000000        0x1 ssp.o
 .text          0x00000000        0x0 tamper.o
 .data          0x00000000        0x0 tamper.o
 .bss           0x00000000        0x0 tamper.o
 .text.init_int0
                0x00000000        0xc tamper.o
 .text.send     0x00000000       0x32 tamper.o
 COMMON         0x00000000       0x14 tamper.o
 .text          0x00000000        0x0 timer.o
 .data          0x00000000        0x0 timer.o
 .bss           0x00000000        0x0 timer.o
 .text.initTimer1
                0x00000000       0x16 timer.o
 .text.initTimer2
                0x00000000       0x1a timer.o
 .bss.fifo      0x00000000       0x3c timer.o
 .bss.samples   0x00000000        0x2 timer.o
 .bss.fault_value2
                0x00000000        0x1 timer.o
 .bss.fault_value1
                0x00000000        0x1 timer.o
 .bss.fault_code
                0x00000000        0x1 timer.o
 .bss.unk_fault
                0x00000000        0x1 timer.o
 .bss.n25_fault
                0x00000000        0x1 timer.o
 .bss.light_fault
                0x00000000        0x1 timer.o
 .bss.vibe_fault
                0x00000000        0x1 timer.o
 .bss.ssp_fault
                0x00000000        0x1 timer.o
 .text          0x00000000        0x0 c:/program files/atmel/studio/7.0/toolchain/avr8/avr8-gnu-toolchain/bin/../lib/gcc/avr/5.4.0/../../../../avr/lib/avr25\libm.a(fixsfsi.o)
 .data          0x00000000        0x0 c:/program files/atmel/studio/7.0/toolchain/avr8/avr8-gnu-toolchain/bin/../lib/gcc/avr/5.4.0/../../../../avr/lib/avr25\libm.a(fixsfsi.o)
 .bss           0x00000000        0x0 c:/program files/atmel/studio/7.0/toolchain/avr8/avr8-gnu-toolchain/bin/../lib/gcc/avr/5.4.0/../../../../avr/lib/avr25\libm.a(fixsfsi.o)
 .text          0x00000000        0x0 c:/program files/atmel/studio/7.0/toolchain/avr8/avr8-gnu-toolchain/bin/../lib/gcc/avr/5.4.0/../../../../avr/lib/avr25\libm.a(fixunssfsi.o)
 .data          0x00000000        0x0 c:/program files/atmel/studio/7.0/toolchain/avr8/avr8-gnu-toolchain/bin/../lib/gcc/avr/5.4.0/../../../../avr/lib/avr25\libm.a(fixunssfsi.o)
 .bss           0x00000000        0x0 c:/program files/atmel/studio/7.0/toolchain/avr8/avr8-gnu-toolchain/bin/../lib/gcc/avr/5.4.0/../../../../avr/lib/avr25\libm.a(fixunssfsi.o)
 .text          0x00000000        0x0 c:/program files/atmel/studio/7.0/toolchain/avr8/avr8-gnu-toolchain/bin/../lib/gcc/avr/5.4.0/../../../../avr/lib/avr25\libm.a(floatsisf.o)
 .data          0x00000000        0x0 c:/program files/atmel/studio/7.0/toolchain/avr8/avr8-gnu-toolchain/bin/../lib/gcc/avr/5.4.0/../../../../avr/lib/avr25\libm.a(floatsisf.o)
 .bss           0x00000000        0x0 c:/program files/atmel/studio/7.0/toolchain/avr8/avr8-gnu-toolchain/bin/../lib/gcc/avr/5.4.0/../../../../avr/lib/avr25\libm.a(floatsisf.o)
 .text          0x00000000        0x0 c:/program files/atmel/studio/7.0/toolchain/avr8/avr8-gnu-toolchain/bin/../lib/gcc/avr/5.4.0/../../../../avr/lib/avr25\libm.a(fp_split3.o)
 .data          0x00000000        0x0 c:/program files/atmel/studio/7.0/toolchain/avr8/avr8-gnu-toolchain/bin/../lib/gcc/avr/5.4.0/../../../../avr/lib/avr25\libm.a(fp_split3.o)
 .bss           0x00000000        0x0 c:/program files/atmel/studio/7.0/toolchain/avr8/avr8-gnu-toolchain/bin/../lib/gcc/avr/5.4.0/../../../../avr/lib/avr25\libm.a(fp_split3.o)
 .text          0x00000000        0x0 c:/program files/atmel/studio/7.0/toolchain/avr8/avr8-gnu-toolchain/bin/../lib/gcc/avr/5.4.0/../../../../avr/lib/avr25\libm.a(fp_zero.o)
 .data          0x00000000        0x0 c:/program files/atmel/studio/7.0/toolchain/avr8/avr8-gnu-toolchain/bin/../lib/gcc/avr/5.4.0/../../../../avr/lib/avr25\libm.a(fp_zero.o)
 .bss           0x00000000        0x0 c:/program files/atmel/studio/7.0/toolchain/avr8/avr8-gnu-toolchain/bin/../lib/gcc/avr/5.4.0/../../../../avr/lib/avr25\libm.a(fp_zero.o)
 .text          0x00000000        0x0 c:/program files/atmel/studio/7.0/toolchain/avr8/avr8-gnu-toolchain/bin/../lib/gcc/avr/5.4.0/../../../../avr/lib/avr25\libm.a(mulsf3.o)
 .data          0x00000000        0x0 c:/program files/atmel/studio/7.0/toolchain/avr8/avr8-gnu-toolchain/bin/../lib/gcc/avr/5.4.0/../../../../avr/lib/avr25\libm.a(mulsf3.o)
 .bss           0x00000000        0x0 c:/program files/atmel/studio/7.0/toolchain/avr8/avr8-gnu-toolchain/bin/../lib/gcc/avr/5.4.0/../../../../avr/lib/avr25\libm.a(mulsf3.o)
 .text          0x00000000        0x0 c:/program files/atmel/studio/7.0/toolchain/avr8/avr8-gnu-toolchain/bin/../lib/gcc/avr/5.4.0/../../../../avr/lib/avr25\libm.a(mulsf3x.o)
 .data          0x00000000        0x0 c:/program files/atmel/studio/7.0/toolchain/avr8/avr8-gnu-toolchain/bin/../lib/gcc/avr/5.4.0/../../../../avr/lib/avr25\libm.a(mulsf3x.o)
 .bss           0x00000000        0x0 c:/program files/atmel/studio/7.0/toolchain/avr8/avr8-gnu-toolchain/bin/../lib/gcc/avr/5.4.0/../../../../avr/lib/avr25\libm.a(mulsf3x.o)
 .text          0x00000000        0x0 c:/program files/atmel/studio/7.0/toolchain/avr8/avr8-gnu-toolchain/bin/../lib/gcc/avr/5.4.0/../../../../avr/lib/avr25\libm.a(fp_inf.o)
 .data          0x00000000        0x0 c:/program files/atmel/studio/7.0/toolchain/avr8/avr8-gnu-toolchain/bin/../lib/gcc/avr/5.4.0/../../../../avr/lib/avr25\libm.a(fp_inf.o)
 .bss           0x00000000        0x0 c:/program files/atmel/studio/7.0/toolchain/avr8/avr8-gnu-toolchain/bin/../lib/gcc/avr/5.4.0/../../../../avr/lib/avr25\libm.a(fp_inf.o)
 .text          0x00000000        0x0 c:/program files/atmel/studio/7.0/toolchain/avr8/avr8-gnu-toolchain/bin/../lib/gcc/avr/5.4.0/../../../../avr/lib/avr25\libm.a(fp_nan.o)
 .data          0x00000000        0x0 c:/program files/atmel/studio/7.0/toolchain/avr8/avr8-gnu-toolchain/bin/../lib/gcc/avr/5.4.0/../../../../avr/lib/avr25\libm.a(fp_nan.o)
 .bss           0x00000000        0x0 c:/program files/atmel/studio/7.0/toolchain/avr8/avr8-gnu-toolchain/bin/../lib/gcc/avr/5.4.0/../../../../avr/lib/avr25\libm.a(fp_nan.o)
 .text          0x00000000        0x0 c:/program files/atmel/studio/7.0/toolchain/avr8/avr8-gnu-toolchain/bin/../lib/gcc/avr/5.4.0/../../../../avr/lib/avr25\libm.a(fp_pscA.o)
 .data          0x00000000        0x0 c:/program files/atmel/studio/7.0/toolchain/avr8/avr8-gnu-toolchain/bin/../lib/gcc/avr/5.4.0/../../../../avr/lib/avr25\libm.a(fp_pscA.o)
 .bss           0x00000000        0x0 c:/program files/atmel/studio/7.0/toolchain/avr8/avr8-gnu-toolchain/bin/../lib/gcc/avr/5.4.0/../../../../avr/lib/avr25\libm.a(fp_pscA.o)
 .text          0x00000000        0x0 c:/program files/atmel/studio/7.0/toolchain/avr8/avr8-gnu-toolchain/bin/../lib/gcc/avr/5.4.0/../../../../avr/lib/avr25\libm.a(fp_pscB.o)
 .data          0x00000000        0x0 c:/program files/atmel/studio/7.0/toolchain/avr8/avr8-gnu-toolchain/bin/../lib/gcc/avr/5.4.0/../../../../avr/lib/avr25\libm.a(fp_pscB.o)
 .bss           0x00000000        0x0 c:/program files/atmel/studio/7.0/toolchain/avr8/avr8-gnu-toolchain/bin/../lib/gcc/avr/5.4.0/../../../../avr/lib/avr25\libm.a(fp_pscB.o)
 .text          0x00000000        0x0 c:/program files/atmel/studio/7.0/toolchain/avr8/avr8-gnu-toolchain/bin/../lib/gcc/avr/5.4.0/../../../../avr/lib/avr25\libm.a(fp_round.o)
 .data          0x00000000        0x0 c:/program files/atmel/studio/7.0/toolchain/avr8/avr8-gnu-toolchain/bin/../lib/gcc/avr/5.4.0/../../../../avr/lib/avr25\libm.a(fp_round.o)
 .bss           0x00000000        0x0 c:/program files/atmel/studio/7.0/toolchain/avr8/avr8-gnu-toolchain/bin/../lib/gcc/avr/5.4.0/../../../../avr/lib/avr25\libm.a(fp_round.o)
 .text          0x00000000        0x0 c:/program files/atmel/studio/7.0/toolchain/avr8/avr8-gnu-toolchain/bin/../lib/gcc/avr/5.4.0/avr25\libgcc.a(_exit.o)
 .data          0x00000000        0x0 c:/program files/atmel/studio/7.0/toolchain/avr8/avr8-gnu-toolchain/bin/../lib/gcc/avr/5.4.0/avr25\libgcc.a(_exit.o)
 .bss           0x00000000        0x0 c:/program files/atmel/studio/7.0/toolchain/avr8/avr8-gnu-toolchain/bin/../lib/gcc/avr/5.4.0/avr25\libgcc.a(_exit.o)
 .text.libgcc.mul
                0x00000000        0x0 c:/program files/atmel/studio/7.0/toolchain/avr8/avr8-gnu-toolchain/bin/../lib/gcc/avr/5.4.0/avr25\libgcc.a(_exit.o)
 .text.libgcc.div
                0x00000000        0x0 c:/program files/atmel/studio/7.0/toolchain/avr8/avr8-gnu-toolchain/bin/../lib/gcc/avr/5.4.0/avr25\libgcc.a(_exit.o)
 .text.libgcc   0x00000000        0x0 c:/program files/atmel/studio/7.0/toolchain/avr8/avr8-gnu-toolchain/bin/../lib/gcc/avr/5.4.0/avr25\libgcc.a(_exit.o)
 .text.libgcc.prologue
                0x00000000        0x0 c:/program files/atmel/studio/7.0/toolchain/avr8/avr8-gnu-toolchain/bin/../lib/gcc/avr/5.4.0/avr25\libgcc.a(_exit.o)
 .text.libgcc.builtins
                0x00000000        0x0 c:/program files/atmel/studio/7.0/toolchain/avr8/avr8-gnu-toolchain/bin/../lib/gcc/avr/5.4.0/avr25\libgcc.a(_exit.o)
 .text.libgcc.fmul
                0x00000000        0x0 c:/program files/atmel/studio/7.0/toolchain/avr8/avr8-gnu-toolchain/bin/../lib/gcc/avr/5.4.0/avr25\libgcc.a(_exit.o)
 .text.libgcc.fixed
                0x00000000        0x0 c:/program files/atmel/studio/7.0/toolchain/avr8/avr8-gnu-toolchain/bin/../lib/gcc/avr/5.4.0/avr25\libgcc.a(_exit.o)
 .text          0x00000000        0x0 c:/program files/atmel/studio/7.0/toolchain/avr8/avr8-gnu-toolchain/bin/../lib/gcc/avr/5.4.0/avr25\libgcc.a(_clear_bss.o)
 .data          0x00000000        0x0 c:/program files/atmel/studio/7.0/toolchain/avr8/avr8-gnu-toolchain/bin/../lib/gcc/avr/5.4.0/avr25\libgcc.a(_clear_bss.o)
 .bss           0x00000000        0x0 c:/program files/atmel/studio/7.0/toolchain/avr8/avr8-gnu-toolchain/bin/../lib/gcc/avr/5.4.0/avr25\libgcc.a(_clear_bss.o)
 .text.libgcc.mul
                0x00000000        0x0 c:/program files/atmel/studio/7.0/toolchain/avr8/avr8-gnu-toolchain/bin/../lib/gcc/avr/5.4.0/avr25\libgcc.a(_clear_bss.o)
 .text.libgcc.div
                0x00000000        0x0 c:/program files/atmel/studio/7.0/toolchain/avr8/avr8-gnu-toolchain/bin/../lib/gcc/avr/5.4.0/avr25\libgcc.a(_clear_bss.o)
 .text.libgcc   0x00000000        0x0 c:/program files/atmel/studio/7.0/toolchain/avr8/avr8-gnu-toolchain/bin/../lib/gcc/avr/5.4.0/avr25\libgcc.a(_clear_bss.o)
 .text.libgcc.prologue
                0x00000000        0x0 c:/program files/atmel/studio/7.0/toolchain/avr8/avr8-gnu-toolchain/bin/../lib/gcc/avr/5.4.0/avr25\libgcc.a(_clear_bss.o)
 .text.libgcc.builtins
                0x00000000        0x0 c:/program files/atmel/studio/7.0/toolchain/avr8/avr8-gnu-toolchain/bin/../lib/gcc/avr/5.4.0/avr25\libgcc.a(_clear_bss.o)
 .text.libgcc.fmul
                0x00000000        0x0 c:/program files/atmel/studio/7.0/toolchain/avr8/avr8-gnu-toolchain/bin/../lib/gcc/avr/5.4.0/avr25\libgcc.a(_clear_bss.o)
 .text.libgcc.fixed
                0x00000000        0x0 c:/program files/atmel/studio/7.0/toolchain/avr8/avr8-gnu-toolchain/bin/../lib/gcc/avr/5.4.0/avr25\libgcc.a(_clear_bss.o)

Memory Configuration

Name             Origin             Length             Attributes
text             0x00000000         0x00002000         xr
data             0x00800060         0x0000ffa0         rw !x
eeprom           0x00810000         0x00010000         rw !x
fuse             0x00820000         0x00000003         rw !x
lock             0x00830000         0x00000400         rw !x
signature        0x00840000         0x00000400         rw !x
user_signatures  0x00850000         0x00000400         rw !x
*default*        0x00000000         0xffffffff

Linker script and memory map

Address of section .data set to 0x800100
LOAD C:/Program Files/Atmel/Studio/7.0/Packs/atmel/ATtiny_DFP/1.3.172/gcc/dev/attiny828/avr25/crtattiny828.o
LOAD accel.o
LOAD n25.o
LOAD optic.o
LOAD ssp.o
LOAD tamper.o
LOAD timer.o
START GROUP
LOAD c:/program files/atmel/studio/7.0/toolchain/avr8/avr8-gnu-toolchain/bin/../lib/gcc/avr/5.4.0/../../../../avr/lib/avr25\libm.a
END GROUP
START GROUP
LOAD c:/program files/atmel/studio/7.0/toolchain/avr8/avr8-gnu-toolchain/bin/../lib/gcc/avr/5.4.0/avr25\libgcc.a
LOAD c:/program files/atmel/studio/7.0/toolchain/avr8/avr8-gnu-toolchain/bin/../lib/gcc/avr/5.4.0/../../../../avr/lib/avr25\libm.a
LOAD c:/program files/atmel/studio/7.0/toolchain/avr8/avr8-gnu-toolchain/bin/../lib/gcc/avr/5.4.0/../../../../avr/lib/avr25\libc.a
LOAD C:/Program Files/Atmel/Studio/7.0/Packs/atmel/ATtiny_DFP/1.3.172/gcc/dev/attiny828/avr25\libattiny828.a
END GROUP
                0x00002000                __TEXT_REGION_LENGTH__ = DEFINED (__TEXT_REGION_LENGTH__)?__TEXT_REGION_LENGTH__:0x2000
                0x0000ffa0                __DATA_REGION_LENGTH__ = DEFINED (__DATA_REGION_LENGTH__)?__DATA_REGION_LENGTH__:0xffa0
                0x00010000                __EEPROM_REGION_LENGTH__ = DEFINED (__EEPROM_REGION_LENGTH__)?__EEPROM_REGION_LENGTH__:0x10000
                [0x00000003]                __FUSE_REGION_LENGTH__ = DEFINED (__FUSE_REGION_LENGTH__)?__FUSE_REGION_LENGTH__:0x400
                0x00000400                __LOCK_REGION_LENGTH__ = DEFINED (__LOCK_REGION_LENGTH__)?__LOCK_REGION_LENGTH__:0x400
                0x00000400                __SIGNATURE_REGION_LENGTH__ = DEFINED (__SIGNATURE_REGION_LENGTH__)?__SIGNATURE_REGION_LENGTH__:0x400
                0x00000400                __USER_SIGNATURE_REGION_LENGTH__ = DEFINED (__USER_SIGNATURE_REGION_LENGTH__)?__USER_SIGNATURE_REGION_LENGTH__:0x400

.hash
 *(.hash)

.dynsym
 *(.dynsym)

.dynstr
 *(.dynstr)

.gnu.version
 *(.gnu.version)

.gnu.version_d
 *(.gnu.version_d)

.gnu.version_r
 *(.gnu.version_r)

.rel.init
 *(.rel.init)

.rela.init
 *(.rela.init)

.rel.text
 *(.rel.text)
 *(.rel.text.*)
 *(.rel.gnu.linkonce.t*)

.rela.text
 *(.rela.text)
 *(.rela.text.*)
 *(.rela.gnu.linkonce.t*)

.rel.fini
 *(.rel.fini)

.rela.fini
 *(.rela.fini)

.rel.rodata
 *(.rel.rodata)
 *(.rel.rodata.*)
 *(.rel.gnu.linkonce.r*)

.rela.rodata
 *(.rela.rodata)
 *(.rela.rodata.*)
 *(.rela.gnu.linkonce.r*)

.rel.data
 *(.rel.data)
 *(.rel.data.*)
 *(.rel.gnu.linkonce.d*)

.rela.data
 *(.rela.data)
 *(.rela.data.*)
 *(.rela.gnu.linkonce.d*)

.rel.ctors
 *(.rel.ctors)

.rela.ctors
 *(.rela.ctors)

.rel.dtors
 *(.rel.dtors)

.rela.dtors
 *(.rela.dtors)

.rel.got
 *(.rel.got)

.rela.got
 *(.rela.got)

.rel.bss
 *(.rel.bss)

.rela.bss
 *(.rela.bss)

.rel.plt
 *(.rel.plt)

.rela.plt
 *(.rela.plt)

.text           0x00000000     0x1e2a
 *(.vectors)
 .vectors       0x00000000       0x34 C:/Program Files/Atmel/Studio/7.0/Packs/atmel/ATtiny_DFP/1.3.172/gcc/dev/attiny828/avr25/crtattiny828.o
                0x00000000                __vector_default
                0x00000000                __vectors
 *(.vectors)
 *(.progmem.gcc*)
                0x00000034                . = ALIGN (0x2)
                0x00000034                __trampolines_start = .
 *(.trampolines)
 .trampolines   0x00000034        0x0 linker stubs
 *(.trampolines*)
                0x00000034                __trampolines_end = .
 *libprintf_flt.a:*(.progmem.data)
 *libc.a:*(.progmem.data)
 *(.progmem*)
                0x00000034                . = ALIGN (0x2)
 *(.jumptables)
 *(.jumptables*)
 *(.lowtext)
 *(.lowtext*)
                0x00000034                __ctors_start = .
 *(.ctors)
                0x00000034                __ctors_end = .
                0x00000034                __dtors_start = .
 *(.dtors)
                0x00000034                __dtors_end = .
 SORT(*)(.ctors)
 SORT(*)(.dtors)
 *(.init0)
 .init0         0x00000034        0x0 C:/Program Files/Atmel/Studio/7.0/Packs/atmel/ATtiny_DFP/1.3.172/gcc/dev/attiny828/avr25/crtattiny828.o
                0x00000034                __init
 *(.init0)
 *(.init1)
 *(.init1)
 *(.init2)
 .init2         0x00000034        0xc C:/Program Files/Atmel/Studio/7.0/Packs/atmel/ATtiny_DFP/1.3.172/gcc/dev/attiny828/avr25/crtattiny828.o
 *(.init2)
 *(.init3)
 *(.init3)
 *(.init4)
 .init4         0x00000040       0x10 c:/program files/atmel/studio/7.0/toolchain/avr8/avr8-gnu-toolchain/bin/../lib/gcc/avr/5.4.0/avr25\libgcc.a(_clear_bss.o)
                0x00000040                __do_clear_bss
 *(.init4)
 *(.init5)
 *(.init5)
 *(.init6)
 *(.init6)
 *(.init7)
 *(.init7)
 *(.init8)
 *(.init8)
 *(.init9)
 .init9         0x00000050        0x4 C:/Program Files/Atmel/Studio/7.0/Packs/atmel/ATtiny_DFP/1.3.172/gcc/dev/attiny828/avr25/crtattiny828.o
 *(.init9)
 *(.text)
 .text          0x00000054        0x2 C:/Program Files/Atmel/Studio/7.0/Packs/atmel/ATtiny_DFP/1.3.172/gcc/dev/attiny828/avr25/crtattiny828.o
                0x00000054                __vector_22
                0x00000054                __vector_24
                0x00000054                __bad_interrupt
                0x00000054                __vector_6
                0x00000054                __vector_23
                0x00000054                __vector_25
                0x00000054                __vector_11
                0x00000054                __vector_13
                0x00000054                __vector_17
                0x00000054                __vector_19
                0x00000054                __vector_7
                0x00000054                __vector_5
                0x00000054                __vector_2
                0x00000054                __vector_21
                0x00000054                __vector_15
                0x00000054                __vector_8
                0x00000054                __vector_14
                0x00000054                __vector_10
                0x00000054                __vector_16
                0x00000054                __vector_18
                0x00000054                __vector_20
                0x00000056                . = ALIGN (0x2)
 *(.text.*)
 .text.adx_chip_select
                0x00000056        0xc accel.o
                0x00000056                adx_chip_select
 .text.adx_read_id
                0x00000062       0x18 accel.o
                0x00000062                adx_read_id
 .text.adx_soft_r
                0x0000007a       0x18 accel.o
                0x0000007a                adx_soft_r
 .text.adx_setup
                0x00000092       0xf8 accel.o
                0x00000092                adx_setup
 .text.adx_temp
                0x0000018a       0x50 accel.o
                0x0000018a                adx_temp
 .text.adx_read_status
                0x000001da      0x12c accel.o
                0x000001da                adx_read_status
 .text.adx_set_threshold
                0x00000306       0x32 accel.o
                0x00000306                adx_set_threshold
 .text.adx_read_fifo_count
                0x00000338       0x2e accel.o
                0x00000338                adx_read_fifo_count
 .text.adx_read_fifo_samples
                0x00000366       0x60 accel.o
                0x00000366                adx_read_fifo_samples
 .text.n25_chip_select
                0x000003c6        0x2 n25.o
                0x000003c6                n25_chip_select
 .text.mlx_chip_select
                0x000003c8        0xc optic.o
                0x000003c8                mlx_chip_select
 .text.mlx_start_meas
                0x000003d4       0x12 optic.o
                0x000003d4                mlx_start_meas
 .text.mlx_get_meas
                0x000003e6       0x64 optic.o
                0x000003e6                mlx_get_meas
 .text.mlx_write_reg
                0x0000044a      0x16c optic.o
                0x0000044a                mlx_write_reg
 .text.mlx_get_calib
                0x000005b6       0x36 optic.o
                0x000005b6                mlx_get_calib
 .text.mlx_reset
                0x000005ec       0x12 optic.o
                0x000005ec                mlx_reset
 .text.USART_Receive.constprop.2
                0x000005fe       0xa2 ssp.o
 .text.spi_usart_setup
                0x000006a0       0x3e ssp.o
                0x000006a0                spi_usart_setup
 .text.ssp_boot
                0x000006de        0x6 ssp.o
                0x000006de                ssp_boot
 .text.USART_Receive
                0x000006e4      0x1d2 ssp.o
                0x000006e4                USART_Receive
 .text.ssp_setup
                0x000008b6       0x12 ssp.o
                0x000008b6                ssp_setup
 .text.ssp_int_config
                0x000008c8       0x62 ssp.o
                0x000008c8                ssp_int_config
 .text.ssp_int_reset
                0x0000092a       0x12 ssp.o
                0x0000092a                ssp_int_reset
 .text.ssp_read_byte
                0x0000093c       0x12 ssp.o
                0x0000093c                ssp_read_byte
 .text.ssp_write
                0x0000094e       0x28 ssp.o
                0x0000094e                ssp_write
 .text.__vector_3
                0x00000976       0x2a tamper.o
                0x00000976                __vector_3
 .text.__vector_4
                0x000009a0       0x5c tamper.o
                0x000009a0                __vector_4
 .text.mkm_wipe
                0x000009fc       0xa0 tamper.o
                0x000009fc                mkm_wipe
 .text.__vector_1
                0x00000a9c       0x68 tamper.o
                0x00000a9c                __vector_1
 .text.process_message
                0x00000b04      0xb98 tamper.o
                0x00000b04                process_message
 .text.check_usart_faults
                0x0000169c       0xc0 tamper.o
                0x0000169c                check_usart_faults
 .text.startup.main
                0x0000175c      0x27a tamper.o
                0x0000175c                main
 .text.__vector_9
                0x000019d6      0x132 timer.o
                0x000019d6                __vector_9
 .text.__vector_12
                0x00001b08       0xca timer.o
                0x00001b08                __vector_12
 .text.avr-libc.fplib
                0x00001bd2        0xa c:/program files/atmel/studio/7.0/toolchain/avr8/avr8-gnu-toolchain/bin/../lib/gcc/avr/5.4.0/../../../../avr/lib/avr25\libm.a(fixsfsi.o)
                0x00001bd2                __fixsfsi
 .text.avr-libc.fplib
                0x00001bdc       0x58 c:/program files/atmel/studio/7.0/toolchain/avr8/avr8-gnu-toolchain/bin/../lib/gcc/avr/5.4.0/../../../../avr/lib/avr25\libm.a(fixunssfsi.o)
                0x00001bdc                __fixunssfsi
 .text.avr-libc.fplib
                0x00001c34       0x7a c:/program files/atmel/studio/7.0/toolchain/avr8/avr8-gnu-toolchain/bin/../lib/gcc/avr/5.4.0/../../../../avr/lib/avr25\libm.a(floatsisf.o)
                0x00001c34                __floatunsisf
                0x00001c38                __floatsisf
 .text.avr-libc.fplib
                0x00001cae       0x44 c:/program files/atmel/studio/7.0/toolchain/avr8/avr8-gnu-toolchain/bin/../lib/gcc/avr/5.4.0/../../../../avr/lib/avr25\libm.a(fp_split3.o)
                0x00001cae                __fp_split3
                0x00001cbe                __fp_splitA
 .text.avr-libc.fplib
                0x00001cf2        0xe c:/program files/atmel/studio/7.0/toolchain/avr8/avr8-gnu-toolchain/bin/../lib/gcc/avr/5.4.0/../../../../avr/lib/avr25\libm.a(fp_zero.o)
                0x00001cf2                __fp_zero
                0x00001cf4                __fp_szero
 .text.avr-libc.fplib
                0x00001d00        0x4 c:/program files/atmel/studio/7.0/toolchain/avr8/avr8-gnu-toolchain/bin/../lib/gcc/avr/5.4.0/../../../../avr/lib/avr25\libm.a(mulsf3.o)
                0x00001d00                __mulsf3
 .text.avr-libc.fplib
                0x00001d04       0xd2 c:/program files/atmel/studio/7.0/toolchain/avr8/avr8-gnu-toolchain/bin/../lib/gcc/avr/5.4.0/../../../../avr/lib/avr25\libm.a(mulsf3x.o)
                0x00001d16                __mulsf3x
                0x00001d1a                __mulsf3_pse
 .text.avr-libc.fplib
                0x00001dd6        0xc c:/program files/atmel/studio/7.0/toolchain/avr8/avr8-gnu-toolchain/bin/../lib/gcc/avr/5.4.0/../../../../avr/lib/avr25\libm.a(fp_inf.o)
                0x00001dd6                __fp_inf
 .text.avr-libc.fplib
                0x00001de2        0x6 c:/program files/atmel/studio/7.0/toolchain/avr8/avr8-gnu-toolchain/bin/../lib/gcc/avr/5.4.0/../../../../avr/lib/avr25\libm.a(fp_nan.o)
                0x00001de2                __fp_nan
 .text.avr-libc.fplib
                0x00001de8        0xe c:/program files/atmel/studio/7.0/toolchain/avr8/avr8-gnu-toolchain/bin/../lib/gcc/avr/5.4.0/../../../../avr/lib/avr25\libm.a(fp_pscA.o)
                0x00001de8                __fp_pscA
 .text.avr-libc.fplib
                0x00001df6        0xe c:/program files/atmel/studio/7.0/toolchain/avr8/avr8-gnu-toolchain/bin/../lib/gcc/avr/5.4.0/../../../../avr/lib/avr25\libm.a(fp_pscB.o)
                0x00001df6                __fp_pscB
 .text.avr-libc.fplib
                0x00001e04       0x22 c:/program files/atmel/studio/7.0/toolchain/avr8/avr8-gnu-toolchain/bin/../lib/gcc/avr/5.4.0/../../../../avr/lib/avr25\libm.a(fp_round.o)
                0x00001e04                __fp_round
                0x00001e26                . = ALIGN (0x2)
 *(.fini9)
 .fini9         0x00001e26        0x0 c:/program files/atmel/studio/7.0/toolchain/avr8/avr8-gnu-toolchain/bin/../lib/gcc/avr/5.4.0/avr25\libgcc.a(_exit.o)
                0x00001e26                _exit
                0x00001e26                exit
 *(.fini9)
 *(.fini8)
 *(.fini8)
 *(.fini7)
 *(.fini7)
 *(.fini6)
 *(.fini6)
 *(.fini5)
 *(.fini5)
 *(.fini4)
 *(.fini4)
 *(.fini3)
 *(.fini3)
 *(.fini2)
 *(.fini2)
 *(.fini1)
 *(.fini1)
 *(.fini0)
 .fini0         0x00001e26        0x4 c:/program files/atmel/studio/7.0/toolchain/avr8/avr8-gnu-toolchain/bin/../lib/gcc/avr/5.4.0/avr25\libgcc.a(_exit.o)
 *(.fini0)
                0x00001e2a                _etext = .

.data           0x00800100        0x0 load address 0x00001e2a
                [!provide]                PROVIDE (__data_start, .)
 *(.data)
 *(.data*)
 *(.gnu.linkonce.d*)
 *(.rodata)
 *(.rodata*)
 *(.gnu.linkonce.r*)
                0x00800100                . = ALIGN (0x2)
                0x00800100                _edata = .
                [!provide]                PROVIDE (__data_end, .)

.bss            0x00800100       0xc4
                0x00800100                PROVIDE (__bss_start, .)
 *(.bss)
 *(.bss*)
 .bss.fifo      0x00800100       0x3c accel.o
 .bss.unk_fault
                0x0080013c        0x1 ssp.o
 .bss.n25_fault
                0x0080013d        0x1 ssp.o
 .bss.light_fault
                0x0080013e        0x1 ssp.o
 .bss.vibe_fault
                0x0080013f        0x1 ssp.o
 .bss.ssp_fault
                0x00800140        0x1 ssp.o
 .bss.fifo      0x00800141       0x3c tamper.o
 .bss.samples   0x0080017d        0x2 tamper.o
 .bss.fault_value2
                0x0080017f        0x1 tamper.o
 .bss.fault_value1
                0x00800180        0x1 tamper.o
 .bss.fault_code
                0x00800181        0x1 tamper.o
 .bss.unk_fault
                0x00800182        0x1 tamper.o
 .bss.n25_fault
                0x00800183        0x1 tamper.o
 .bss.light_fault
                0x00800184        0x1 tamper.o
 .bss.vibe_fault
                0x00800185        0x1 tamper.o
 .bss.ssp_fault
                0x00800186        0x1 tamper.o
 .bss.configured
                0x00800187        0x1 tamper.o
 .bss.flags     0x00800188        0x1 tamper.o
 *(COMMON)
 COMMON         0x00800189       0x3b accel.o
                0x00800189                case_enable
                0x0080018a                calib2
                0x0080018b                vibe_hi_thresh
                0x0080018c                rcv_error_stop
                0x0080018d                ssp_out
                0x0080018e                light_retrieve
                0x0080018f                sent
                0x00800190                tx_bit_count
                0x00800191                vibe_enable
                0x00800192                sending
                0x00800193                tamper_delay_flag
                0x00800194                start_bit
                0x00800195                temperature
                0x00800199                usart_to
                0x0080019a                light
                0x0080019c                vibe_lo_thresh
                0x0080019d                light_enable
                0x0080019e                rcv_char
                0x0080019f                temp_enable
                0x008001a0                spi_to_flag
                0x008001a1                tamper_detected
                0x008001a2                wd_init
                0x008001a3                rcv_valid
                0x008001a4                receiving
                0x008001a5                fifo_delay_flag
                0x008001a6                light_status
                0x008001a7                rcv_bit_count
                0x008001a8                rcv
                0x008001b1                light_thresh
                0x008001b3                calib1
                0x008001b4                fifo_delay
                0x008001b5                tx_char
                0x008001b6                vibe_status
                0x008001b7                temp_hi_thresh
                0x008001b9                spi_disable
                0x008001ba                temp_status
                0x008001bb                temp_lo_thresh
                0x008001bd                tamper_delay
                0x008001c1                spi_to
                0x008001c2                vibe_thresh
                0x008001c4                PROVIDE (__bss_end, .)
                0x00001e2a                __data_load_start = LOADADDR (.data)
                0x00001e2a                __data_load_end = (__data_load_start + SIZEOF (.data))

.noinit         0x008001c4        0x0
                [!provide]                PROVIDE (__noinit_start, .)
 *(.noinit*)
                [!provide]                PROVIDE (__noinit_end, .)
                0x008001c4                _end = .
                [!provide]                PROVIDE (__heap_start, .)

.eeprom         0x00810000        0x0
 *(.eeprom*)
                0x00810000                __eeprom_end = .

.fuse
 *(.fuse)
 *(.lfuse)
 *(.hfuse)
 *(.efuse)

.lock
 *(.lock*)

.signature
 *(.signature*)

.user_signatures
 *(.user_signatures*)

.stab
 *(.stab)

.stabstr
 *(.stabstr)

.stab.excl
 *(.stab.excl)

.stab.exclstr
 *(.stab.exclstr)

.stab.index
 *(.stab.index)

.stab.indexstr
 *(.stab.indexstr)

.comment        0x00000000       0x30
 *(.comment)
 .comment       0x00000000       0x30 accel.o
                                 0x31 (size before relaxing)
 .comment       0x00000030       0x31 n25.o
 .comment       0x00000030       0x31 optic.o
 .comment       0x00000030       0x31 ssp.o
 .comment       0x00000030       0x31 tamper.o
 .comment       0x00000030       0x31 timer.o

.note.gnu.avr.deviceinfo
                0x00000000       0x3c
 .note.gnu.avr.deviceinfo
                0x00000000       0x3c C:/Program Files/Atmel/Studio/7.0/Packs/atmel/ATtiny_DFP/1.3.172/gcc/dev/attiny828/avr25/crtattiny828.o

.note.gnu.build-id
 *(.note.gnu.build-id)

.debug
 *(.debug)

.line
 *(.line)

.debug_srcinfo
 *(.debug_srcinfo)

.debug_sfnames
 *(.debug_sfnames)

.debug_aranges  0x00000000      0x220
 *(.debug_aranges)
 .debug_aranges
                0x00000000       0x70 accel.o
 .debug_aranges
                0x00000070       0x28 n25.o
 .debug_aranges
                0x00000098       0x70 optic.o
 .debug_aranges
                0x00000108       0x80 ssp.o
 .debug_aranges
                0x00000188       0x60 tamper.o
 .debug_aranges
                0x000001e8       0x38 timer.o

.debug_pubnames
 *(.debug_pubnames)

.debug_info     0x00000000     0x554a
 *(.debug_info .gnu.linkonce.wi.*)
 .debug_info    0x00000000      0x6cc C:/Program Files/Atmel/Studio/7.0/Packs/atmel/ATtiny_DFP/1.3.172/gcc/dev/attiny828/avr25/crtattiny828.o
 .debug_info    0x000006cc     0x1493 accel.o
 .debug_info    0x00001b5f      0x5cf n25.o
 .debug_info    0x0000212e      0xe26 optic.o
 .debug_info    0x00002f54      0xfc2 ssp.o
 .debug_info    0x00003f16     0x1109 tamper.o
 .debug_info    0x0000501f      0x52b timer.o

.debug_abbrev   0x00000000     0x1235
 *(.debug_abbrev)
 .debug_abbrev  0x00000000      0x66e C:/Program Files/Atmel/Studio/7.0/Packs/atmel/ATtiny_DFP/1.3.172/gcc/dev/attiny828/avr25/crtattiny828.o
 .debug_abbrev  0x0000066e      0x20e accel.o
 .debug_abbrev  0x0000087c      0x153 n25.o
 .debug_abbrev  0x000009cf      0x1d3 optic.o
 .debug_abbrev  0x00000ba2      0x276 ssp.o
 .debug_abbrev  0x00000e18      0x33d tamper.o
 .debug_abbrev  0x00001155       0xe0 timer.o

.debug_line     0x00000000     0x2431
 *(.debug_line .debug_line.* .debug_line_end)
 .debug_line    0x00000000      0x133 C:/Program Files/Atmel/Studio/7.0/Packs/atmel/ATtiny_DFP/1.3.172/gcc/dev/attiny828/avr25/crtattiny828.o
 .debug_line    0x00000133      0x4b3 accel.o
 .debug_line    0x000005e6       0xf7 n25.o
 .debug_line    0x000006dd      0x340 optic.o
 .debug_line    0x00000a1d      0x60d ssp.o
 .debug_line    0x0000102a     0x11de tamper.o
 .debug_line    0x00002208      0x229 timer.o

.debug_frame    0x00000000      0x518
 *(.debug_frame)
 .debug_frame   0x00000000      0x124 accel.o
 .debug_frame   0x00000124       0x48 n25.o
 .debug_frame   0x0000016c       0xec optic.o
 .debug_frame   0x00000258       0xec ssp.o
 .debug_frame   0x00000344      0x138 tamper.o
 .debug_frame   0x0000047c       0x9c timer.o

.debug_str      0x00000000      0xa02
 *(.debug_str)
 .debug_str     0x00000000      0x25e C:/Program Files/Atmel/Studio/7.0/Packs/atmel/ATtiny_DFP/1.3.172/gcc/dev/attiny828/avr25/crtattiny828.o
 .debug_str     0x0000025e      0x453 accel.o
                                0x4b0 (size before relaxing)
 .debug_str     0x000006b1       0x33 n25.o
                                0x421 (size before relaxing)
 .debug_str     0x000006e4       0xee optic.o
                                0x4dd (size before relaxing)
 .debug_str     0x000007d2       0xae ssp.o
                                0x4d2 (size before relaxing)
 .debug_str     0x00000880      0x142 tamper.o
                                0x63c (size before relaxing)
 .debug_str     0x000009c2       0x40 timer.o
                                0x40f (size before relaxing)

.debug_loc      0x00000000     0x1904
 *(.debug_loc)
 .debug_loc     0x00000000      0x677 accel.o
 .debug_loc     0x00000677      0x11d n25.o
 .debug_loc     0x00000794      0x45c optic.o
 .debug_loc     0x00000bf0      0x505 ssp.o
 .debug_loc     0x000010f5      0x6d5 tamper.o
 .debug_loc     0x000017ca      0x13a timer.o

.debug_macinfo
 *(.debug_macinfo)

.debug_weaknames
 *(.debug_weaknames)

.debug_funcnames
 *(.debug_funcnames)

.debug_typenames
 *(.debug_typenames)

.debug_varnames
 *(.debug_varnames)

.debug_pubtypes
 *(.debug_pubtypes)

.debug_ranges   0x00000000      0x310
 *(.debug_ranges)
 .debug_ranges  0x00000000       0x78 accel.o
 .debug_ranges  0x00000078       0x18 n25.o
 .debug_ranges  0x00000090       0x60 optic.o
 .debug_ranges  0x000000f0       0xe8 ssp.o
 .debug_ranges  0x000001d8      0x110 tamper.o
 .debug_ranges  0x000002e8       0x28 timer.o

.debug_macro
 *(.debug_macro)
OUTPUT(Sensor_board.elf elf32-avr)
LOAD linker stubs
