Archive member included to satisfy reference by file (symbol)

c:/program files/atmel/studio/7.0/toolchain/avr8/avr8-gnu-toolchain/bin/../lib/gcc/avr/5.4.0/avr25\libgcc.a(_divmodhi4.o)
                              optic.o (__divmodhi4)
c:/program files/atmel/studio/7.0/toolchain/avr8/avr8-gnu-toolchain/bin/../lib/gcc/avr/5.4.0/avr25\libgcc.a(_exit.o)
                              C:/Program Files/Atmel/Studio/7.0/Packs/atmel/ATtiny_DFP/1.3.172/gcc/dev/attiny828/avr25/crtattiny828.o (exit)
c:/program files/atmel/studio/7.0/toolchain/avr8/avr8-gnu-toolchain/bin/../lib/gcc/avr/5.4.0/avr25\libgcc.a(_clear_bss.o)
                              accel.o (__do_clear_bss)
c:/program files/atmel/studio/7.0/toolchain/avr8/avr8-gnu-toolchain/bin/../lib/gcc/avr/5.4.0/avr25\libgcc.a(_udivmodhi4.o)
                              c:/program files/atmel/studio/7.0/toolchain/avr8/avr8-gnu-toolchain/bin/../lib/gcc/avr/5.4.0/avr25\libgcc.a(_divmodhi4.o) (__udivmodhi4)

Allocating common symbols
Common symbol       size              file

case_enable         0x1               accel.o
calib2              0x1               accel.o
vibe_hi_thresh      0x1               accel.o
rcv_error_stop      0x1               accel.o
ssp_out             0x1               accel.o
sent                0x1               accel.o
tx_bit_count        0x1               accel.o
vibe_enable         0x1               accel.o
sending             0x1               accel.o
start_bit           0x1               accel.o
temperature         0x2               accel.o
usart_to            0x1               accel.o
id                  0x14              tamper.o
light               0x2               accel.o
vibe_lo_thresh      0x1               accel.o
light_enable        0x1               accel.o
rcv_char            0x1               accel.o
temp_enable         0x1               accel.o
tamper_detected     0x1               accel.o
wd_init             0x1               accel.o
rcv_valid           0x1               accel.o
receiving           0x1               accel.o
light_status        0x1               accel.o
rcv_bit_count       0x1               accel.o
rcv                 0x9               accel.o
light_thresh        0x2               accel.o
calib1              0x1               accel.o
tx_char             0x1               accel.o
vibe_status         0x1               accel.o
temp_hi_thresh      0x2               accel.o
temp_status         0x1               accel.o
temp_lo_thresh      0x2               accel.o

Discarded input sections

 .data          0x00000000        0x0 C:/Program Files/Atmel/Studio/7.0/Packs/atmel/ATtiny_DFP/1.3.172/gcc/dev/attiny828/avr25/crtattiny828.o
 .bss           0x00000000        0x0 C:/Program Files/Atmel/Studio/7.0/Packs/atmel/ATtiny_DFP/1.3.172/gcc/dev/attiny828/avr25/crtattiny828.o
 .text          0x00000000        0x0 accel.o
 .data          0x00000000        0x0 accel.o
 .bss           0x00000000        0x0 accel.o
 .bss.flags     0x00000000        0x1 accel.o
 .bss.configured
                0x00000000        0x1 accel.o
 .bss.ssp_fault
                0x00000000        0x1 accel.o
 .bss.vibe_fault
                0x00000000        0x1 accel.o
 .bss.light_fault
                0x00000000        0x1 accel.o
 .bss.n25_fault
                0x00000000        0x1 accel.o
 .bss.unk_fault
                0x00000000        0x1 accel.o
 .bss.fault_code
                0x00000000        0x1 accel.o
 .bss.fault_value1
                0x00000000        0x1 accel.o
 .bss.fault_value2
                0x00000000        0x1 accel.o
 .text.adx_read_id
                0x00000000       0x34 accel.o
 .text.adx_rd_reg
                0x00000000       0x38 accel.o
 .text          0x00000000        0x0 n25.o
 .data          0x00000000        0x0 n25.o
 .bss           0x00000000        0x0 n25.o
 .bss.flags     0x00000000        0x1 n25.o
 .bss.configured
                0x00000000        0x1 n25.o
 .bss.ssp_fault
                0x00000000        0x1 n25.o
 .bss.vibe_fault
                0x00000000        0x1 n25.o
 .bss.light_fault
                0x00000000        0x1 n25.o
 .bss.n25_fault
                0x00000000        0x1 n25.o
 .bss.unk_fault
                0x00000000        0x1 n25.o
 .bss.fault_code
                0x00000000        0x1 n25.o
 .bss.fault_value1
                0x00000000        0x1 n25.o
 .bss.fault_value2
                0x00000000        0x1 n25.o
 .text.n25_read
                0x00000000       0x7c n25.o
 .text          0x00000000        0x0 optic.o
 .data          0x00000000        0x0 optic.o
 .bss           0x00000000        0x0 optic.o
 .bss.flags     0x00000000        0x1 optic.o
 .bss.configured
                0x00000000        0x1 optic.o
 .bss.ssp_fault
                0x00000000        0x1 optic.o
 .bss.vibe_fault
                0x00000000        0x1 optic.o
 .bss.light_fault
                0x00000000        0x1 optic.o
 .bss.n25_fault
                0x00000000        0x1 optic.o
 .bss.unk_fault
                0x00000000        0x1 optic.o
 .bss.fault_code
                0x00000000        0x1 optic.o
 .bss.fault_value1
                0x00000000        0x1 optic.o
 .bss.fault_value2
                0x00000000        0x1 optic.o
 .text.mlx_write_reg
                0x00000000      0x106 optic.o
 .text.mlx_get_calib
                0x00000000       0x54 optic.o
 .text.mlx_nop  0x00000000       0x28 optic.o
 .text.mlx_request_sleep
                0x00000000       0x28 optic.o
 .text.mlx_confirm_sleep
                0x00000000       0x28 optic.o
 .text.mlx_sleep
                0x00000000       0x98 optic.o
 .text          0x00000000        0x0 ssp.o
 .data          0x00000000        0x0 ssp.o
 .bss           0x00000000        0x0 ssp.o
 .bss.flags     0x00000000        0x1 ssp.o
 .bss.configured
                0x00000000        0x1 ssp.o
 .bss.fault_code
                0x00000000        0x1 ssp.o
 .bss.fault_value1
                0x00000000        0x1 ssp.o
 .bss.fault_value2
                0x00000000        0x1 ssp.o
 .text.log_fault
                0x00000000       0x76 ssp.o
 .text.ssp_int_config
                0x00000000       0xc4 ssp.o
 .text.ssp_clear_tamper
                0x00000000       0x4c ssp.o
 .text          0x00000000        0x0 tamper.o
 .data          0x00000000        0x0 tamper.o
 .bss           0x00000000        0x0 tamper.o
 .text.spi_read
                0x00000000       0x1a tamper.o
 .text.spi_write_byte
                0x00000000       0x3c tamper.o
 .text.spi_read_byte
                0x00000000       0x72 tamper.o
 .text.init_int0
                0x00000000       0x22 tamper.o
 COMMON         0x00000000       0x14 tamper.o
 .text          0x00000000        0x0 timer.o
 .data          0x00000000        0x0 timer.o
 .bss           0x00000000        0x0 timer.o
 .bss.flags     0x00000000        0x1 timer.o
 .bss.configured
                0x00000000        0x1 timer.o
 .bss.ssp_fault
                0x00000000        0x1 timer.o
 .bss.vibe_fault
                0x00000000        0x1 timer.o
 .bss.light_fault
                0x00000000        0x1 timer.o
 .bss.n25_fault
                0x00000000        0x1 timer.o
 .bss.unk_fault
                0x00000000        0x1 timer.o
 .bss.fault_code
                0x00000000        0x1 timer.o
 .bss.fault_value1
                0x00000000        0x1 timer.o
 .bss.fault_value2
                0x00000000        0x1 timer.o
 .text.initTimer1
                0x00000000       0x46 timer.o
 .text.initTimer2
                0x00000000       0x46 timer.o
 .text          0x00000000        0x0 c:/program files/atmel/studio/7.0/toolchain/avr8/avr8-gnu-toolchain/bin/../lib/gcc/avr/5.4.0/avr25\libgcc.a(_divmodhi4.o)
 .data          0x00000000        0x0 c:/program files/atmel/studio/7.0/toolchain/avr8/avr8-gnu-toolchain/bin/../lib/gcc/avr/5.4.0/avr25\libgcc.a(_divmodhi4.o)
 .bss           0x00000000        0x0 c:/program files/atmel/studio/7.0/toolchain/avr8/avr8-gnu-toolchain/bin/../lib/gcc/avr/5.4.0/avr25\libgcc.a(_divmodhi4.o)
 .text.libgcc.mul
                0x00000000        0x0 c:/program files/atmel/studio/7.0/toolchain/avr8/avr8-gnu-toolchain/bin/../lib/gcc/avr/5.4.0/avr25\libgcc.a(_divmodhi4.o)
 .text.libgcc   0x00000000        0x0 c:/program files/atmel/studio/7.0/toolchain/avr8/avr8-gnu-toolchain/bin/../lib/gcc/avr/5.4.0/avr25\libgcc.a(_divmodhi4.o)
 .text.libgcc.prologue
                0x00000000        0x0 c:/program files/atmel/studio/7.0/toolchain/avr8/avr8-gnu-toolchain/bin/../lib/gcc/avr/5.4.0/avr25\libgcc.a(_divmodhi4.o)
 .text.libgcc.builtins
                0x00000000        0x0 c:/program files/atmel/studio/7.0/toolchain/avr8/avr8-gnu-toolchain/bin/../lib/gcc/avr/5.4.0/avr25\libgcc.a(_divmodhi4.o)
 .text.libgcc.fmul
                0x00000000        0x0 c:/program files/atmel/studio/7.0/toolchain/avr8/avr8-gnu-toolchain/bin/../lib/gcc/avr/5.4.0/avr25\libgcc.a(_divmodhi4.o)
 .text.libgcc.fixed
                0x00000000        0x0 c:/program files/atmel/studio/7.0/toolchain/avr8/avr8-gnu-toolchain/bin/../lib/gcc/avr/5.4.0/avr25\libgcc.a(_divmodhi4.o)
 .text          0x00000000        0x0 c:/program files/atmel/studio/7.0/toolchain/avr8/avr8-gnu-toolchain/bin/../lib/gcc/avr/5.4.0/avr25\libgcc.a(_exit.o)
 .data          0x00000000        0x0 c:/program files/atmel/studio/7.0/toolchain/avr8/avr8-gnu-toolchain/bin/../lib/gcc/avr/5.4.0/avr25\libgcc.a(_exit.o)
 .bss           0x00000000        0x0 c:/program files/atmel/studio/7.0/toolchain/avr8/avr8-gnu-toolchain/bin/../lib/gcc/avr/5.4.0/avr25\libgcc.a(_exit.o)
 .text.libgcc.mul
                0x00000000        0x0 c:/program files/atmel/studio/7.0/toolchain/avr8/avr8-gnu-toolchain/bin/../lib/gcc/avr/5.4.0/avr25\libgcc.a(_exit.o)
 .text.libgcc.div
                0x00000000        0x0 c:/program files/atmel/studio/7.0/toolchain/avr8/avr8-gnu-toolchain/bin/../lib/gcc/avr/5.4.0/avr25\libgcc.a(_exit.o)
 .text.libgcc   0x00000000        0x0 c:/program files/atmel/studio/7.0/toolchain/avr8/avr8-gnu-toolchain/bin/../lib/gcc/avr/5.4.0/avr25\libgcc.a(_exit.o)
 .text.libgcc.prologue
                0x00000000        0x0 c:/program files/atmel/studio/7.0/toolchain/avr8/avr8-gnu-toolchain/bin/../lib/gcc/avr/5.4.0/avr25\libgcc.a(_exit.o)
 .text.libgcc.builtins
                0x00000000        0x0 c:/program files/atmel/studio/7.0/toolchain/avr8/avr8-gnu-toolchain/bin/../lib/gcc/avr/5.4.0/avr25\libgcc.a(_exit.o)
 .text.libgcc.fmul
                0x00000000        0x0 c:/program files/atmel/studio/7.0/toolchain/avr8/avr8-gnu-toolchain/bin/../lib/gcc/avr/5.4.0/avr25\libgcc.a(_exit.o)
 .text.libgcc.fixed
                0x00000000        0x0 c:/program files/atmel/studio/7.0/toolchain/avr8/avr8-gnu-toolchain/bin/../lib/gcc/avr/5.4.0/avr25\libgcc.a(_exit.o)
 .text          0x00000000        0x0 c:/program files/atmel/studio/7.0/toolchain/avr8/avr8-gnu-toolchain/bin/../lib/gcc/avr/5.4.0/avr25\libgcc.a(_clear_bss.o)
 .data          0x00000000        0x0 c:/program files/atmel/studio/7.0/toolchain/avr8/avr8-gnu-toolchain/bin/../lib/gcc/avr/5.4.0/avr25\libgcc.a(_clear_bss.o)
 .bss           0x00000000        0x0 c:/program files/atmel/studio/7.0/toolchain/avr8/avr8-gnu-toolchain/bin/../lib/gcc/avr/5.4.0/avr25\libgcc.a(_clear_bss.o)
 .text.libgcc.mul
                0x00000000        0x0 c:/program files/atmel/studio/7.0/toolchain/avr8/avr8-gnu-toolchain/bin/../lib/gcc/avr/5.4.0/avr25\libgcc.a(_clear_bss.o)
 .text.libgcc.div
                0x00000000        0x0 c:/program files/atmel/studio/7.0/toolchain/avr8/avr8-gnu-toolchain/bin/../lib/gcc/avr/5.4.0/avr25\libgcc.a(_clear_bss.o)
 .text.libgcc   0x00000000        0x0 c:/program files/atmel/studio/7.0/toolchain/avr8/avr8-gnu-toolchain/bin/../lib/gcc/avr/5.4.0/avr25\libgcc.a(_clear_bss.o)
 .text.libgcc.prologue
                0x00000000        0x0 c:/program files/atmel/studio/7.0/toolchain/avr8/avr8-gnu-toolchain/bin/../lib/gcc/avr/5.4.0/avr25\libgcc.a(_clear_bss.o)
 .text.libgcc.builtins
                0x00000000        0x0 c:/program files/atmel/studio/7.0/toolchain/avr8/avr8-gnu-toolchain/bin/../lib/gcc/avr/5.4.0/avr25\libgcc.a(_clear_bss.o)
 .text.libgcc.fmul
                0x00000000        0x0 c:/program files/atmel/studio/7.0/toolchain/avr8/avr8-gnu-toolchain/bin/../lib/gcc/avr/5.4.0/avr25\libgcc.a(_clear_bss.o)
 .text.libgcc.fixed
                0x00000000        0x0 c:/program files/atmel/studio/7.0/toolchain/avr8/avr8-gnu-toolchain/bin/../lib/gcc/avr/5.4.0/avr25\libgcc.a(_clear_bss.o)
 .text          0x00000000        0x0 c:/program files/atmel/studio/7.0/toolchain/avr8/avr8-gnu-toolchain/bin/../lib/gcc/avr/5.4.0/avr25\libgcc.a(_udivmodhi4.o)
 .data          0x00000000        0x0 c:/program files/atmel/studio/7.0/toolchain/avr8/avr8-gnu-toolchain/bin/../lib/gcc/avr/5.4.0/avr25\libgcc.a(_udivmodhi4.o)
 .bss           0x00000000        0x0 c:/program files/atmel/studio/7.0/toolchain/avr8/avr8-gnu-toolchain/bin/../lib/gcc/avr/5.4.0/avr25\libgcc.a(_udivmodhi4.o)
 .text.libgcc.mul
                0x00000000        0x0 c:/program files/atmel/studio/7.0/toolchain/avr8/avr8-gnu-toolchain/bin/../lib/gcc/avr/5.4.0/avr25\libgcc.a(_udivmodhi4.o)
 .text.libgcc   0x00000000        0x0 c:/program files/atmel/studio/7.0/toolchain/avr8/avr8-gnu-toolchain/bin/../lib/gcc/avr/5.4.0/avr25\libgcc.a(_udivmodhi4.o)
 .text.libgcc.prologue
                0x00000000        0x0 c:/program files/atmel/studio/7.0/toolchain/avr8/avr8-gnu-toolchain/bin/../lib/gcc/avr/5.4.0/avr25\libgcc.a(_udivmodhi4.o)
 .text.libgcc.builtins
                0x00000000        0x0 c:/program files/atmel/studio/7.0/toolchain/avr8/avr8-gnu-toolchain/bin/../lib/gcc/avr/5.4.0/avr25\libgcc.a(_udivmodhi4.o)
 .text.libgcc.fmul
                0x00000000        0x0 c:/program files/atmel/studio/7.0/toolchain/avr8/avr8-gnu-toolchain/bin/../lib/gcc/avr/5.4.0/avr25\libgcc.a(_udivmodhi4.o)
 .text.libgcc.fixed
                0x00000000        0x0 c:/program files/atmel/studio/7.0/toolchain/avr8/avr8-gnu-toolchain/bin/../lib/gcc/avr/5.4.0/avr25\libgcc.a(_udivmodhi4.o)

Memory Configuration

Name             Origin             Length             Attributes
text             0x00000000         0x00002000         xr
data             0x00800060         0x0000ffa0         rw !x
eeprom           0x00810000         0x00010000         rw !x
fuse             0x00820000         0x00000003         rw !x
lock             0x00830000         0x00000400         rw !x
signature        0x00840000         0x00000400         rw !x
user_signatures  0x00850000         0x00000400         rw !x
*default*        0x00000000         0xffffffff

Linker script and memory map

Address of section .data set to 0x800100
LOAD C:/Program Files/Atmel/Studio/7.0/Packs/atmel/ATtiny_DFP/1.3.172/gcc/dev/attiny828/avr25/crtattiny828.o
LOAD accel.o
LOAD n25.o
LOAD optic.o
LOAD ssp.o
LOAD tamper.o
LOAD timer.o
START GROUP
LOAD c:/program files/atmel/studio/7.0/toolchain/avr8/avr8-gnu-toolchain/bin/../lib/gcc/avr/5.4.0/../../../../avr/lib/avr25\libm.a
END GROUP
START GROUP
LOAD c:/program files/atmel/studio/7.0/toolchain/avr8/avr8-gnu-toolchain/bin/../lib/gcc/avr/5.4.0/avr25\libgcc.a
LOAD c:/program files/atmel/studio/7.0/toolchain/avr8/avr8-gnu-toolchain/bin/../lib/gcc/avr/5.4.0/../../../../avr/lib/avr25\libm.a
LOAD c:/program files/atmel/studio/7.0/toolchain/avr8/avr8-gnu-toolchain/bin/../lib/gcc/avr/5.4.0/../../../../avr/lib/avr25\libc.a
LOAD C:/Program Files/Atmel/Studio/7.0/Packs/atmel/ATtiny_DFP/1.3.172/gcc/dev/attiny828/avr25\libattiny828.a
END GROUP
                0x00002000                __TEXT_REGION_LENGTH__ = DEFINED (__TEXT_REGION_LENGTH__)?__TEXT_REGION_LENGTH__:0x2000
                0x0000ffa0                __DATA_REGION_LENGTH__ = DEFINED (__DATA_REGION_LENGTH__)?__DATA_REGION_LENGTH__:0xffa0
                0x00010000                __EEPROM_REGION_LENGTH__ = DEFINED (__EEPROM_REGION_LENGTH__)?__EEPROM_REGION_LENGTH__:0x10000
                [0x00000003]                __FUSE_REGION_LENGTH__ = DEFINED (__FUSE_REGION_LENGTH__)?__FUSE_REGION_LENGTH__:0x400
                0x00000400                __LOCK_REGION_LENGTH__ = DEFINED (__LOCK_REGION_LENGTH__)?__LOCK_REGION_LENGTH__:0x400
                0x00000400                __SIGNATURE_REGION_LENGTH__ = DEFINED (__SIGNATURE_REGION_LENGTH__)?__SIGNATURE_REGION_LENGTH__:0x400
                0x00000400                __USER_SIGNATURE_REGION_LENGTH__ = DEFINED (__USER_SIGNATURE_REGION_LENGTH__)?__USER_SIGNATURE_REGION_LENGTH__:0x400

.hash
 *(.hash)

.dynsym
 *(.dynsym)

.dynstr
 *(.dynstr)

.gnu.version
 *(.gnu.version)

.gnu.version_d
 *(.gnu.version_d)

.gnu.version_r
 *(.gnu.version_r)

.rel.init
 *(.rel.init)

.rela.init
 *(.rela.init)

.rel.text
 *(.rel.text)
 *(.rel.text.*)
 *(.rel.gnu.linkonce.t*)

.rela.text
 *(.rela.text)
 *(.rela.text.*)
 *(.rela.gnu.linkonce.t*)

.rel.fini
 *(.rel.fini)

.rela.fini
 *(.rela.fini)

.rel.rodata
 *(.rel.rodata)
 *(.rel.rodata.*)
 *(.rel.gnu.linkonce.r*)

.rela.rodata
 *(.rela.rodata)
 *(.rela.rodata.*)
 *(.rela.gnu.linkonce.r*)

.rel.data
 *(.rel.data)
 *(.rel.data.*)
 *(.rel.gnu.linkonce.d*)

.rela.data
 *(.rela.data)
 *(.rela.data.*)
 *(.rela.gnu.linkonce.d*)

.rel.ctors
 *(.rel.ctors)

.rela.ctors
 *(.rela.ctors)

.rel.dtors
 *(.rel.dtors)

.rela.dtors
 *(.rela.dtors)

.rel.got
 *(.rel.got)

.rela.got
 *(.rela.got)

.rel.bss
 *(.rel.bss)

.rela.bss
 *(.rela.bss)

.rel.plt
 *(.rel.plt)

.rela.plt
 *(.rela.plt)

.text           0x00000000     0x151a
 *(.vectors)
 .vectors       0x00000000       0x34 C:/Program Files/Atmel/Studio/7.0/Packs/atmel/ATtiny_DFP/1.3.172/gcc/dev/attiny828/avr25/crtattiny828.o
                0x00000000                __vector_default
                0x00000000                __vectors
 *(.vectors)
 *(.progmem.gcc*)
                0x00000034                . = ALIGN (0x2)
                0x00000034                __trampolines_start = .
 *(.trampolines)
 .trampolines   0x00000034        0x0 linker stubs
 *(.trampolines*)
                0x00000034                __trampolines_end = .
 *libprintf_flt.a:*(.progmem.data)
 *libc.a:*(.progmem.data)
 *(.progmem*)
                0x00000034                . = ALIGN (0x2)
 *(.jumptables)
 *(.jumptables*)
 *(.lowtext)
 *(.lowtext*)
                0x00000034                __ctors_start = .
 *(.ctors)
                0x00000034                __ctors_end = .
                0x00000034                __dtors_start = .
 *(.dtors)
                0x00000034                __dtors_end = .
 SORT(*)(.ctors)
 SORT(*)(.dtors)
 *(.init0)
 .init0         0x00000034        0x0 C:/Program Files/Atmel/Studio/7.0/Packs/atmel/ATtiny_DFP/1.3.172/gcc/dev/attiny828/avr25/crtattiny828.o
                0x00000034                __init
 *(.init0)
 *(.init1)
 *(.init1)
 *(.init2)
 .init2         0x00000034        0xc C:/Program Files/Atmel/Studio/7.0/Packs/atmel/ATtiny_DFP/1.3.172/gcc/dev/attiny828/avr25/crtattiny828.o
 *(.init2)
 *(.init3)
 *(.init3)
 *(.init4)
 .init4         0x00000040       0x10 c:/program files/atmel/studio/7.0/toolchain/avr8/avr8-gnu-toolchain/bin/../lib/gcc/avr/5.4.0/avr25\libgcc.a(_clear_bss.o)
                0x00000040                __do_clear_bss
 *(.init4)
 *(.init5)
 *(.init5)
 *(.init6)
 *(.init6)
 *(.init7)
 *(.init7)
 *(.init8)
 *(.init8)
 *(.init9)
 .init9         0x00000050        0x4 C:/Program Files/Atmel/Studio/7.0/Packs/atmel/ATtiny_DFP/1.3.172/gcc/dev/attiny828/avr25/crtattiny828.o
 *(.init9)
 *(.text)
 .text          0x00000054        0x2 C:/Program Files/Atmel/Studio/7.0/Packs/atmel/ATtiny_DFP/1.3.172/gcc/dev/attiny828/avr25/crtattiny828.o
                0x00000054                __vector_22
                0x00000054                __vector_24
                0x00000054                __bad_interrupt
                0x00000054                __vector_6
                0x00000054                __vector_23
                0x00000054                __vector_25
                0x00000054                __vector_11
                0x00000054                __vector_13
                0x00000054                __vector_17
                0x00000054                __vector_19
                0x00000054                __vector_7
                0x00000054                __vector_5
                0x00000054                __vector_2
                0x00000054                __vector_21
                0x00000054                __vector_15
                0x00000054                __vector_8
                0x00000054                __vector_14
                0x00000054                __vector_10
                0x00000054                __vector_16
                0x00000054                __vector_18
                0x00000054                __vector_20
                0x00000056                . = ALIGN (0x2)
 *(.text.*)
 .text.adx_chip_select
                0x00000056       0x48 accel.o
                0x00000056                adx_chip_select
 .text.adx_wr_reg
                0x0000009e       0x44 accel.o
                0x0000009e                adx_wr_reg
 .text.adx_setup
                0x000000e2       0x42 accel.o
                0x000000e2                adx_setup
 .text.adx_read_status
                0x00000124       0x34 accel.o
                0x00000124                adx_read_status
 .text.n25_chip_select
                0x00000158       0x48 n25.o
                0x00000158                n25_chip_select
 .text.mlx_chip_select
                0x000001a0       0x48 optic.o
                0x000001a0                mlx_chip_select
 .text.mlx_start_meas
                0x000001e8       0x28 optic.o
                0x000001e8                mlx_start_meas
 .text.mlx_get_meas
                0x00000210       0xe6 optic.o
                0x00000210                mlx_get_meas
 .text.mlx_setup
                0x000002f6       0x2e optic.o
                0x000002f6                mlx_setup
 .text.mlx_reset
                0x00000324       0x28 optic.o
                0x00000324                mlx_reset
 .text.ssp_chip_select
                0x0000034c       0x48 ssp.o
                0x0000034c                ssp_chip_select
 .text.spi_usart_setup
                0x00000394       0x70 ssp.o
                0x00000394                spi_usart_setup
 .text.ssp_boot
                0x00000404       0x3c ssp.o
                0x00000404                ssp_boot
 .text.USART_Receive
                0x00000440       0xa2 ssp.o
                0x00000440                USART_Receive
 .text.reset_fault
                0x000004e2       0x58 ssp.o
                0x000004e2                reset_fault
 .text.ssp_setup
                0x0000053a       0x2e ssp.o
                0x0000053a                ssp_setup
 .text.ssp_int_reset
                0x00000568       0x2e ssp.o
                0x00000568                ssp_int_reset
 .text.ssp_read_byte
                0x00000596       0x34 ssp.o
                0x00000596                ssp_read_byte
 .text.ssp_write
                0x000005ca       0x52 ssp.o
                0x000005ca                ssp_write
 .text.mkm_chip_select
                0x0000061c       0x48 tamper.o
 .text.mkm_grab
                0x00000664       0x34 tamper.o
 .text.mkm_release
                0x00000698       0x34 tamper.o
 .text.spi_setup
                0x000006cc       0x92 tamper.o
 .text.spi_write
                0x0000075e       0x2c tamper.o
 .text.spi_set_operation
                0x0000078a       0x1e tamper.o
 .text.__vector_3
                0x000007a8       0x30 tamper.o
                0x000007a8                __vector_3
 .text.__vector_1
                0x000007d8       0x7c tamper.o
                0x000007d8                __vector_1
 .text.__vector_4
                0x00000854       0x84 tamper.o
                0x00000854                __vector_4
 .text.init_ports
                0x000008d8       0x24 tamper.o
 .text.init_interrupts
                0x000008fc       0x5c tamper.o
 .text.init_tamper_values
                0x00000958       0xa2 tamper.o
 .text.init_power_reduction
                0x000009fa       0x10 tamper.o
 .text.mkm_wipe
                0x00000a0a       0xe2 tamper.o
                0x00000a0a                mkm_wipe
 .text.main     0x00000aec      0x24a tamper.o
                0x00000aec                main
 .text.process_message
                0x00000d36      0x3f4 tamper.o
                0x00000d36                process_message
 .text.send     0x0000112a       0x50 tamper.o
                0x0000112a                send
 .text.check_usart_faults
                0x0000117a       0xc6 tamper.o
                0x0000117a                check_usart_faults
 .text.__vector_12
                0x00001240      0x22a timer.o
                0x00001240                __vector_12
 .text.__vector_9
                0x0000146a       0x5e timer.o
                0x0000146a                __vector_9
 .text.libgcc.div
                0x000014c8       0x26 c:/program files/atmel/studio/7.0/toolchain/avr8/avr8-gnu-toolchain/bin/../lib/gcc/avr/5.4.0/avr25\libgcc.a(_divmodhi4.o)
                0x000014c8                _div
                0x000014c8                __divmodhi4
 .text.libgcc.div
                0x000014ee       0x28 c:/program files/atmel/studio/7.0/toolchain/avr8/avr8-gnu-toolchain/bin/../lib/gcc/avr/5.4.0/avr25\libgcc.a(_udivmodhi4.o)
                0x000014ee                __udivmodhi4
                0x00001516                . = ALIGN (0x2)
 *(.fini9)
 .fini9         0x00001516        0x0 c:/program files/atmel/studio/7.0/toolchain/avr8/avr8-gnu-toolchain/bin/../lib/gcc/avr/5.4.0/avr25\libgcc.a(_exit.o)
                0x00001516                _exit
                0x00001516                exit
 *(.fini9)
 *(.fini8)
 *(.fini8)
 *(.fini7)
 *(.fini7)
 *(.fini6)
 *(.fini6)
 *(.fini5)
 *(.fini5)
 *(.fini4)
 *(.fini4)
 *(.fini3)
 *(.fini3)
 *(.fini2)
 *(.fini2)
 *(.fini1)
 *(.fini1)
 *(.fini0)
 .fini0         0x00001516        0x4 c:/program files/atmel/studio/7.0/toolchain/avr8/avr8-gnu-toolchain/bin/../lib/gcc/avr/5.4.0/avr25\libgcc.a(_exit.o)
 *(.fini0)
                0x0000151a                _etext = .

.data           0x00800100        0x0 load address 0x0000151a
                [!provide]                PROVIDE (__data_start, .)
 *(.data)
 *(.data*)
 *(.gnu.linkonce.d*)
 *(.rodata)
 *(.rodata*)
 *(.gnu.linkonce.r*)
                0x00800100                . = ALIGN (0x2)
                0x00800100                _edata = .
                [!provide]                PROVIDE (__data_end, .)

.bss            0x00800100       0x3b
                0x00800100                PROVIDE (__bss_start, .)
 *(.bss)
 *(.bss*)
 .bss.ssp_fault
                0x00800100        0x1 ssp.o
 .bss.vibe_fault
                0x00800101        0x1 ssp.o
 .bss.light_fault
                0x00800102        0x1 ssp.o
 .bss.n25_fault
                0x00800103        0x1 ssp.o
 .bss.unk_fault
                0x00800104        0x1 ssp.o
 .bss.flags     0x00800105        0x1 tamper.o
 .bss.configured
                0x00800106        0x1 tamper.o
 .bss.ssp_fault
                0x00800107        0x1 tamper.o
 .bss.vibe_fault
                0x00800108        0x1 tamper.o
 .bss.light_fault
                0x00800109        0x1 tamper.o
 .bss.n25_fault
                0x0080010a        0x1 tamper.o
 .bss.unk_fault
                0x0080010b        0x1 tamper.o
 .bss.fault_code
                0x0080010c        0x1 tamper.o
 .bss.fault_value1
                0x0080010d        0x1 tamper.o
 .bss.fault_value2
                0x0080010e        0x1 tamper.o
 *(COMMON)
 COMMON         0x0080010f       0x2c accel.o
                0x0080010f                case_enable
                0x00800110                calib2
                0x00800111                vibe_hi_thresh
                0x00800112                rcv_error_stop
                0x00800113                ssp_out
                0x00800114                sent
                0x00800115                tx_bit_count
                0x00800116                vibe_enable
                0x00800117                sending
                0x00800118                start_bit
                0x00800119                temperature
                0x0080011b                usart_to
                0x0080011c                light
                0x0080011e                vibe_lo_thresh
                0x0080011f                light_enable
                0x00800120                rcv_char
                0x00800121                temp_enable
                0x00800122                tamper_detected
                0x00800123                wd_init
                0x00800124                rcv_valid
                0x00800125                receiving
                0x00800126                light_status
                0x00800127                rcv_bit_count
                0x00800128                rcv
                0x00800131                light_thresh
                0x00800133                calib1
                0x00800134                tx_char
                0x00800135                vibe_status
                0x00800136                temp_hi_thresh
                0x00800138                temp_status
                0x00800139                temp_lo_thresh
                0x0080013b                PROVIDE (__bss_end, .)
                0x0000151a                __data_load_start = LOADADDR (.data)
                0x0000151a                __data_load_end = (__data_load_start + SIZEOF (.data))

.noinit         0x0080013b        0x0
                [!provide]                PROVIDE (__noinit_start, .)
 *(.noinit*)
                [!provide]                PROVIDE (__noinit_end, .)
                0x0080013b                _end = .
                [!provide]                PROVIDE (__heap_start, .)

.eeprom         0x00810000        0x0
 *(.eeprom*)
                0x00810000                __eeprom_end = .

.fuse
 *(.fuse)
 *(.lfuse)
 *(.hfuse)
 *(.efuse)

.lock
 *(.lock*)

.signature
 *(.signature*)

.user_signatures
 *(.user_signatures*)

.stab
 *(.stab)

.stabstr
 *(.stabstr)

.stab.excl
 *(.stab.excl)

.stab.exclstr
 *(.stab.exclstr)

.stab.index
 *(.stab.index)

.stab.indexstr
 *(.stab.indexstr)

.comment        0x00000000       0x30
 *(.comment)
 .comment       0x00000000       0x30 accel.o
                                 0x31 (size before relaxing)
 .comment       0x00000030       0x31 n25.o
 .comment       0x00000030       0x31 optic.o
 .comment       0x00000030       0x31 ssp.o
 .comment       0x00000030       0x31 tamper.o
 .comment       0x00000030       0x31 timer.o

.note.gnu.avr.deviceinfo
                0x00000000       0x3c
 .note.gnu.avr.deviceinfo
                0x00000000       0x3c C:/Program Files/Atmel/Studio/7.0/Packs/atmel/ATtiny_DFP/1.3.172/gcc/dev/attiny828/avr25/crtattiny828.o

.note.gnu.build-id
 *(.note.gnu.build-id)

.debug
 *(.debug)

.line
 *(.line)

.debug_srcinfo
 *(.debug_srcinfo)

.debug_sfnames
 *(.debug_sfnames)

.debug_aranges
 *(.debug_aranges)

.debug_pubnames
 *(.debug_pubnames)

.debug_info     0x00000000      0x6cc
 *(.debug_info .gnu.linkonce.wi.*)
 .debug_info    0x00000000      0x6cc C:/Program Files/Atmel/Studio/7.0/Packs/atmel/ATtiny_DFP/1.3.172/gcc/dev/attiny828/avr25/crtattiny828.o

.debug_abbrev   0x00000000      0x66e
 *(.debug_abbrev)
 .debug_abbrev  0x00000000      0x66e C:/Program Files/Atmel/Studio/7.0/Packs/atmel/ATtiny_DFP/1.3.172/gcc/dev/attiny828/avr25/crtattiny828.o

.debug_line     0x00000000      0x133
 *(.debug_line .debug_line.* .debug_line_end)
 .debug_line    0x00000000      0x133 C:/Program Files/Atmel/Studio/7.0/Packs/atmel/ATtiny_DFP/1.3.172/gcc/dev/attiny828/avr25/crtattiny828.o

.debug_frame
 *(.debug_frame)

.debug_str      0x00000000      0x25e
 *(.debug_str)
 .debug_str     0x00000000      0x25e C:/Program Files/Atmel/Studio/7.0/Packs/atmel/ATtiny_DFP/1.3.172/gcc/dev/attiny828/avr25/crtattiny828.o

.debug_loc
 *(.debug_loc)

.debug_macinfo
 *(.debug_macinfo)

.debug_weaknames
 *(.debug_weaknames)

.debug_funcnames
 *(.debug_funcnames)

.debug_typenames
 *(.debug_typenames)

.debug_varnames
 *(.debug_varnames)

.debug_pubtypes
 *(.debug_pubtypes)

.debug_ranges
 *(.debug_ranges)

.debug_macro
 *(.debug_macro)
OUTPUT(Sensor_board.elf elf32-avr)
LOAD linker stubs
